../Core/Src/main.c:165:5:main	8	static
../Core/Src/main.c:280:6:SystemClock_Config	88	static
../Core/Src/main.c:319:13:MX_I2C1_Init	8	static
../Core/Src/main.c:351:13:MX_TIM1_Init	96	static
../Core/Src/main.c:421:13:MX_TIM2_Init	56	static
../Core/Src/main.c:468:13:MX_TIM3_Init	56	static
../Core/Src/main.c:515:13:MX_TIM8_Init	96	static
../Core/Src/main.c:589:13:MX_USART3_UART_Init	8	static
../Core/Src/main.c:620:13:MX_GPIO_Init	48	static
../Core/Src/main.c:657:6:HAL_UART_RxCpltCallback	56	static
../Core/Src/main.c:734:6:setLeftPWM	16	static
../Core/Src/main.c:738:6:setRightPWM	16	static
../Core/Src/main.c:742:6:motorStop	8	static
../Core/Src/main.c:750:6:moveMotor	16	static
../Core/Src/main.c:780:6:setMotorForward	8	static
../Core/Src/main.c:789:6:setMotorBackward	8	static
../Core/Src/main.c:798:6:turnLeft	8	static
../Core/Src/main.c:802:6:turnRight	8	static
../Core/Src/main.c:806:6:faceFront	8	static
../Core/Src/main.c:811:6:calibrate	8	static
../Core/Src/main.c:816:6:robotTurn	40	static
../Core/Src/main.c:838:10:getEncoderDelta	24	static
../Core/Src/main.c:855:6:robotTurnPID	88	static
../Core/Src/main.c:916:6:StartDefaultTask	16	static
../Core/Src/main.c:935:6:chassisTask	112	static
../Core/Src/main.c:1156:6:HAL_TIM_PeriodElapsedCallback	16	static
../Core/Src/main.c:1172:6:Error_Handler	4	static,ignoring_inline_asm
