../Core/Src/main.c:176:5:main	8	static
../Core/Src/main.c:290:6:SystemClock_Config	88	static
../Core/Src/main.c:332:13:MX_I2C1_Init	8	static
../Core/Src/main.c:366:13:MX_TIM1_Init	96	static
../Core/Src/main.c:440:13:MX_TIM2_Init	56	static
../Core/Src/main.c:489:13:MX_TIM3_Init	56	static
../Core/Src/main.c:538:13:MX_TIM4_Init	32	static
../Core/Src/main.c:586:13:MX_TIM8_Init	96	static
../Core/Src/main.c:664:13:MX_USART3_UART_Init	8	static
../Core/Src/main.c:697:13:MX_GPIO_Init	48	static
../Core/Src/main.c:744:6:HAL_UART_RxCpltCallback	72	static
../Core/Src/main.c:826:6:setLeftPWM	16	static
../Core/Src/main.c:830:6:setRightPWM	16	static
../Core/Src/main.c:834:6:motorStop	8	static
../Core/Src/main.c:843:6:moveMotor	16	static
../Core/Src/main.c:873:6:setMotorForward	8	static
../Core/Src/main.c:882:6:setMotorBackward	8	static
../Core/Src/main.c:891:6:turnLeft	8	static
../Core/Src/main.c:895:6:turnRight	8	static
../Core/Src/main.c:899:6:faceFront	8	static
../Core/Src/main.c:904:6:calibrate	8	static
../Core/Src/main.c:909:6:robotTurn	40	static
../Core/Src/main.c:929:10:getEncoderDelta	24	static
../Core/Src/main.c:957:6:StartDefaultTask	16	static
../Core/Src/main.c:977:6:chassisTask	96	static
../Core/Src/main.c:1187:6:HAL_TIM_PeriodElapsedCallback	16	static
../Core/Src/main.c:1204:6:Error_Handler	4	static,ignoring_inline_asm
