../Core/Src/main.c:177:5:main	8	static
../Core/Src/main.c:291:6:SystemClock_Config	88	static
../Core/Src/main.c:333:13:MX_I2C1_Init	8	static
../Core/Src/main.c:367:13:MX_TIM1_Init	96	static
../Core/Src/main.c:441:13:MX_TIM2_Init	56	static
../Core/Src/main.c:490:13:MX_TIM3_Init	56	static
../Core/Src/main.c:539:13:MX_TIM4_Init	32	static
../Core/Src/main.c:587:13:MX_TIM8_Init	96	static
../Core/Src/main.c:665:13:MX_USART3_UART_Init	8	static
../Core/Src/main.c:698:13:MX_GPIO_Init	48	static
../Core/Src/main.c:745:6:HAL_UART_RxCpltCallback	56	static
../Core/Src/main.c:825:6:setLeftPWM	16	static
../Core/Src/main.c:829:6:setRightPWM	16	static
../Core/Src/main.c:833:6:motorStop	8	static
../Core/Src/main.c:842:6:moveMotor	16	static
../Core/Src/main.c:872:6:setMotorForward	8	static
../Core/Src/main.c:881:6:setMotorBackward	8	static
../Core/Src/main.c:890:6:turnLeft	8	static
../Core/Src/main.c:894:6:turnRight	8	static
../Core/Src/main.c:898:6:faceFront	8	static
../Core/Src/main.c:903:6:calibrate	8	static
../Core/Src/main.c:908:6:robotTurn	40	static
../Core/Src/main.c:928:10:getEncoderDelta	24	static
../Core/Src/main.c:956:6:StartDefaultTask	16	static
../Core/Src/main.c:976:6:chassisTask	112	static
../Core/Src/main.c:1199:6:HAL_TIM_PeriodElapsedCallback	16	static
../Core/Src/main.c:1216:6:Error_Handler	4	static,ignoring_inline_asm
