15:21:36 **** Clean-only build of configuration Debug for project IMU ****
make -j16 clean 
rm -rf ./Drivers/STM32F4xx_HAL_Driver/Src/stm32f4xx_hal.d ./Drivers/STM32F4xx_HAL_Driver/Src/stm32f4xx_hal.o ./Drivers/STM32F4xx_HAL_Driver/Src/stm32f4xx_hal.su ./Drivers/STM32F4xx_HAL_Driver/Src/stm32f4xx_hal_cortex.d ./Drivers/STM32F4xx_HAL_Driver/Src/stm32f4xx_hal_cortex.o ./Drivers/STM32F4xx_HAL_Driver/Src/stm32f4xx_hal_cortex.su ./Drivers/STM32F4xx_HAL_Driver/Src/stm32f4xx_hal_dma.d ./Drivers/STM32F4xx_HAL_Driver/Src/stm32f4xx_hal_dma.o ./Drivers/STM32F4xx_HAL_Driver/Src/stm32f4xx_hal_dma.su ./Drivers/STM32F4xx_HAL_Driver/Src/stm32f4xx_hal_dma_ex.d ./Drivers/STM32F4xx_HAL_Driver/Src/stm32f4xx_hal_dma_ex.o ./Drivers/STM32F4xx_HAL_Driver/Src/stm32f4xx_hal_dma_ex.su ./Drivers/STM32F4xx_HAL_Driver/Src/stm32f4xx_hal_exti.d ./Drivers/STM32F4xx_HAL_Driver/Src/stm32f4xx_hal_exti.o ./Drivers/STM32F4xx_HAL_Driver/Src/stm32f4xx_hal_exti.su ./Drivers/STM32F4xx_HAL_Driver/Src/stm32f4xx_hal_flash.d ./Drivers/STM32F4xx_HAL_Driver/Src/stm32f4xx_hal_flash.o ./Drivers/STM32F4xx_HAL_Driver/Src/stm32f4xx_hal_flash.su ./Drivers/STM32F4xx_HAL_Driver/Src/stm32f4xx_hal_flash_ex.d ./Drivers/STM32F4xx_HAL_Driver/Src/stm32f4xx_hal_flash_ex.o ./Drivers/STM32F4xx_HAL_Driver/Src/stm32f4xx_hal_flash_ex.su ./Drivers/STM32F4xx_HAL_Driver/Src/stm32f4xx_hal_flash_ramfunc.d ./Drivers/STM32F4xx_HAL_Driver/Src/stm32f4xx_hal_flash_ramfunc.o ./Drivers/STM32F4xx_HAL_Driver/Src/stm32f4xx_hal_flash_ramfunc.su ./Drivers/STM32F4xx_HAL_Driver/Src/stm32f4xx_hal_gpio.d ./Drivers/STM32F4xx_HAL_Driver/Src/stm32f4xx_hal_gpio.o ./Drivers/STM32F4xx_HAL_Driver/Src/stm32f4xx_hal_gpio.su ./Drivers/STM32F4xx_HAL_Driver/Src/stm32f4xx_hal_i2c.d ./Drivers/STM32F4xx_HAL_Driver/Src/stm32f4xx_hal_i2c.o ./Drivers/STM32F4xx_HAL_Driver/Src/stm32f4xx_hal_i2c.su ./Drivers/STM32F4xx_HAL_Driver/Src/stm32f4xx_hal_i2c_ex.d ./Drivers/STM32F4xx_HAL_Driver/Src/stm32f4xx_hal_i2c_ex.o ./Drivers/STM32F4xx_HAL_Driver/Src/stm32f4xx_hal_i2c_ex.su ./Drivers/STM32F4xx_HAL_Driver/Src/stm32f4xx_hal_pwr.d ./Drivers/STM32F4xx_HAL_Driver/Src/stm32f4xx_hal_pwr.o ./Drivers/STM32F4xx_HAL_Driver/Src/stm32f4xx_hal_pwr.su ./Drivers/STM32F4xx_HAL_Driver/Src/stm32f4xx_hal_pwr_ex.d ./Drivers/STM32F4xx_HAL_Driver/Src/stm32f4xx_hal_pwr_ex.o ./Drivers/STM32F4xx_HAL_Driver/Src/stm32f4xx_hal_pwr_ex.su ./Drivers/STM32F4xx_HAL_Driver/Src/stm32f4xx_hal_rcc.d ./Drivers/STM32F4xx_HAL_Driver/Src/stm32f4xx_hal_rcc.o ./Drivers/STM32F4xx_HAL_Driver/Src/stm32f4xx_hal_rcc.su ./Drivers/STM32F4xx_HAL_Driver/Src/stm32f4xx_hal_rcc_ex.d ./Drivers/STM32F4xx_HAL_Driver/Src/stm32f4xx_hal_rcc_ex.o ./Drivers/STM32F4xx_HAL_Driver/Src/stm32f4xx_hal_rcc_ex.su ./Drivers/STM32F4xx_HAL_Driver/Src/stm32f4xx_hal_uart.d ./Drivers/STM32F4xx_HAL_Driver/Src/stm32f4xx_hal_uart.o ./Drivers/STM32F4xx_HAL_Driver/Src/stm32f4xx_hal_uart.su
rm -rf ./Core/Startup/startup_stm32f407vetx.d ./Core/Startup/startup_stm32f407vetx.o
rm -rf ./Core/Src/IMU.d ./Core/Src/IMU.o ./Core/Src/IMU.su ./Core/Src/main.d ./Core/Src/main.o ./Core/Src/main.su ./Core/Src/stm32f4xx_hal_msp.d ./Core/Src/stm32f4xx_hal_msp.o ./Core/Src/stm32f4xx_hal_msp.su ./Core/Src/stm32f4xx_it.d ./Core/Src/stm32f4xx_it.o ./Core/Src/stm32f4xx_it.su ./Core/Src/syscalls.d ./Core/Src/syscalls.o ./Core/Src/syscalls.su ./Core/Src/sysmem.d ./Core/Src/sysmem.o ./Core/Src/sysmem.su ./Core/Src/system_stm32f4xx.d ./Core/Src/system_stm32f4xx.o ./Core/Src/system_stm32f4xx.su
rm -rf IMU.elf IMU.hex IMU.list IMU.map default.size.stdout
 
15:21:36 **** Build of configuration Debug for project IMU ****
make -j16 all 
arm-none-eabi-gcc "../Drivers/STM32F4xx_HAL_Driver/Src/stm32f4xx_hal.c" -mcpu=cortex-m4 -std=gnu11 -g3 -DDEBUG -DUSE_HAL_DRIVER -DSTM32F407xx -c -I../Core/Inc -I../Drivers/STM32F4xx_HAL_Driver/Inc -I../Drivers/STM32F4xx_HAL_Driver/Inc/Legacy -I../Drivers/CMSIS/Device/ST/STM32F4xx/Include -I../Drivers/CMSIS/Include -O0 -ffunction-sections -fdata-sections -Wall -u _printf_float -fstack-usage -MMD -MP -MF"Drivers/STM32F4xx_HAL_Driver/Src/stm32f4xx_hal.d" -MT"Drivers/STM32F4xx_HAL_Driver/Src/stm32f4xx_hal.o" --specs=nano.specs -mfpu=fpv4-sp-d16 -mfloat-abi=hard -mthumb -o "Drivers/STM32F4xx_HAL_Driver/Src/stm32f4xx_hal.o"
arm-none-eabi-gcc "../Drivers/STM32F4xx_HAL_Driver/Src/stm32f4xx_hal_cortex.c" -mcpu=cortex-m4 -std=gnu11 -g3 -DDEBUG -DUSE_HAL_DRIVER -DSTM32F407xx -c -I../Core/Inc -I../Drivers/STM32F4xx_HAL_Driver/Inc -I../Drivers/STM32F4xx_HAL_Driver/Inc/Legacy -I../Drivers/CMSIS/Device/ST/STM32F4xx/Include -I../Drivers/CMSIS/Include -O0 -ffunction-sections -fdata-sections -Wall -u _printf_float -fstack-usage -MMD -MP -MF"Drivers/STM32F4xx_HAL_Driver/Src/stm32f4xx_hal_cortex.d" -MT"Drivers/STM32F4xx_HAL_Driver/Src/stm32f4xx_hal_cortex.o" --specs=nano.specs -mfpu=fpv4-sp-d16 -mfloat-abi=hard -mthumb -o "Drivers/STM32F4xx_HAL_Driver/Src/stm32f4xx_hal_cortex.o"
arm-none-eabi-gcc "../Drivers/STM32F4xx_HAL_Driver/Src/stm32f4xx_hal_dma.c" -mcpu=cortex-m4 -std=gnu11 -g3 -DDEBUG -DUSE_HAL_DRIVER -DSTM32F407xx -c -I../Core/Inc -I../Drivers/STM32F4xx_HAL_Driver/Inc -I../Drivers/STM32F4xx_HAL_Driver/Inc/Legacy -I../Drivers/CMSIS/Device/ST/STM32F4xx/Include -I../Drivers/CMSIS/Include -O0 -ffunction-sections -fdata-sections -Wall -u _printf_float -fstack-usage -MMD -MP -MF"Drivers/STM32F4xx_HAL_Driver/Src/stm32f4xx_hal_dma.d" -MT"Drivers/STM32F4xx_HAL_Driver/Src/stm32f4xx_hal_dma.o" --specs=nano.specs -mfpu=fpv4-sp-d16 -mfloat-abi=hard -mthumb -o "Drivers/STM32F4xx_HAL_Driver/Src/stm32f4xx_hal_dma.o"
arm-none-eabi-gcc "../Drivers/STM32F4xx_HAL_Driver/Src/stm32f4xx_hal_dma_ex.c" -mcpu=cortex-m4 -std=gnu11 -g3 -DDEBUG -DUSE_HAL_DRIVER -DSTM32F407xx -c -I../Core/Inc -I../Drivers/STM32F4xx_HAL_Driver/Inc -I../Drivers/STM32F4xx_HAL_Driver/Inc/Legacy -I../Drivers/CMSIS/Device/ST/STM32F4xx/Include -I../Drivers/CMSIS/Include -O0 -ffunction-sections -fdata-sections -Wall -u _printf_float -fstack-usage -MMD -MP -MF"Drivers/STM32F4xx_HAL_Driver/Src/stm32f4xx_hal_dma_ex.d" -MT"Drivers/STM32F4xx_HAL_Driver/Src/stm32f4xx_hal_dma_ex.o" --specs=nano.specs -mfpu=fpv4-sp-d16 -mfloat-abi=hard -mthumb -o "Drivers/STM32F4xx_HAL_Driver/Src/stm32f4xx_hal_dma_ex.o"
arm-none-eabi-gcc "../Drivers/STM32F4xx_HAL_Driver/Src/stm32f4xx_hal_exti.c" -mcpu=cortex-m4 -std=gnu11 -g3 -DDEBUG -DUSE_HAL_DRIVER -DSTM32F407xx -c -I../Core/Inc -I../Drivers/STM32F4xx_HAL_Driver/Inc -I../Drivers/STM32F4xx_HAL_Driver/Inc/Legacy -I../Drivers/CMSIS/Device/ST/STM32F4xx/Include -I../Drivers/CMSIS/Include -O0 -ffunction-sections -fdata-sections -Wall -u _printf_float -fstack-usage -MMD -MP -MF"Drivers/STM32F4xx_HAL_Driver/Src/stm32f4xx_hal_exti.d" -MT"Drivers/STM32F4xx_HAL_Driver/Src/stm32f4xx_hal_exti.o" --specs=nano.specs -mfpu=fpv4-sp-d16 -mfloat-abi=hard -mthumb -o "Drivers/STM32F4xx_HAL_Driver/Src/stm32f4xx_hal_exti.o"
arm-none-eabi-gcc "../Drivers/STM32F4xx_HAL_Driver/Src/stm32f4xx_hal_flash.c" -mcpu=cortex-m4 -std=gnu11 -g3 -DDEBUG -DUSE_HAL_DRIVER -DSTM32F407xx -c -I../Core/Inc -I../Drivers/STM32F4xx_HAL_Driver/Inc -I../Drivers/STM32F4xx_HAL_Driver/Inc/Legacy -I../Drivers/CMSIS/Device/ST/STM32F4xx/Include -I../Drivers/CMSIS/Include -O0 -ffunction-sections -fdata-sections -Wall -u _printf_float -fstack-usage -MMD -MP -MF"Drivers/STM32F4xx_HAL_Driver/Src/stm32f4xx_hal_flash.d" -MT"Drivers/STM32F4xx_HAL_Driver/Src/stm32f4xx_hal_flash.o" --specs=nano.specs -mfpu=fpv4-sp-d16 -mfloat-abi=hard -mthumb -o "Drivers/STM32F4xx_HAL_Driver/Src/stm32f4xx_hal_flash.o"
arm-none-eabi-gcc "../Drivers/STM32F4xx_HAL_Driver/Src/stm32f4xx_hal_flash_ex.c" -mcpu=cortex-m4 -std=gnu11 -g3 -DDEBUG -DUSE_HAL_DRIVER -DSTM32F407xx -c -I../Core/Inc -I../Drivers/STM32F4xx_HAL_Driver/Inc -I../Drivers/STM32F4xx_HAL_Driver/Inc/Legacy -I../Drivers/CMSIS/Device/ST/STM32F4xx/Include -I../Drivers/CMSIS/Include -O0 -ffunction-sections -fdata-sections -Wall -u _printf_float -fstack-usage -MMD -MP -MF"Drivers/STM32F4xx_HAL_Driver/Src/stm32f4xx_hal_flash_ex.d" -MT"Drivers/STM32F4xx_HAL_Driver/Src/stm32f4xx_hal_flash_ex.o" --specs=nano.specs -mfpu=fpv4-sp-d16 -mfloat-abi=hard -mthumb -o "Drivers/STM32F4xx_HAL_Driver/Src/stm32f4xx_hal_flash_ex.o"
arm-none-eabi-gcc "../Drivers/STM32F4xx_HAL_Driver/Src/stm32f4xx_hal_flash_ramfunc.c" -mcpu=cortex-m4 -std=gnu11 -g3 -DDEBUG -DUSE_HAL_DRIVER -DSTM32F407xx -c -I../Core/Inc -I../Drivers/STM32F4xx_HAL_Driver/Inc -I../Drivers/STM32F4xx_HAL_Driver/Inc/Legacy -I../Drivers/CMSIS/Device/ST/STM32F4xx/Include -I../Drivers/CMSIS/Include -O0 -ffunction-sections -fdata-sections -Wall -u _printf_float -fstack-usage -MMD -MP -MF"Drivers/STM32F4xx_HAL_Driver/Src/stm32f4xx_hal_flash_ramfunc.d" -MT"Drivers/STM32F4xx_HAL_Driver/Src/stm32f4xx_hal_flash_ramfunc.o" --specs=nano.specs -mfpu=fpv4-sp-d16 -mfloat-abi=hard -mthumb -o "Drivers/STM32F4xx_HAL_Driver/Src/stm32f4xx_hal_flash_ramfunc.o"
arm-none-eabi-gcc "../Drivers/STM32F4xx_HAL_Driver/Src/stm32f4xx_hal_gpio.c" -mcpu=cortex-m4 -std=gnu11 -g3 -DDEBUG -DUSE_HAL_DRIVER -DSTM32F407xx -c -I../Core/Inc -I../Drivers/STM32F4xx_HAL_Driver/Inc -I../Drivers/STM32F4xx_HAL_Driver/Inc/Legacy -I../Drivers/CMSIS/Device/ST/STM32F4xx/Include -I../Drivers/CMSIS/Include -O0 -ffunction-sections -fdata-sections -Wall -u _printf_float -fstack-usage -MMD -MP -MF"Drivers/STM32F4xx_HAL_Driver/Src/stm32f4xx_hal_gpio.d" -MT"Drivers/STM32F4xx_HAL_Driver/Src/stm32f4xx_hal_gpio.o" --specs=nano.specs -mfpu=fpv4-sp-d16 -mfloat-abi=hard -mthumb -o "Drivers/STM32F4xx_HAL_Driver/Src/stm32f4xx_hal_gpio.o"
arm-none-eabi-gcc "../Drivers/STM32F4xx_HAL_Driver/Src/stm32f4xx_hal_i2c.c" -mcpu=cortex-m4 -std=gnu11 -g3 -DDEBUG -DUSE_HAL_DRIVER -DSTM32F407xx -c -I../Core/Inc -I../Drivers/STM32F4xx_HAL_Driver/Inc -I../Drivers/STM32F4xx_HAL_Driver/Inc/Legacy -I../Drivers/CMSIS/Device/ST/STM32F4xx/Include -I../Drivers/CMSIS/Include -O0 -ffunction-sections -fdata-sections -Wall -u _printf_float -fstack-usage -MMD -MP -MF"Drivers/STM32F4xx_HAL_Driver/Src/stm32f4xx_hal_i2c.d" -MT"Drivers/STM32F4xx_HAL_Driver/Src/stm32f4xx_hal_i2c.o" --specs=nano.specs -mfpu=fpv4-sp-d16 -mfloat-abi=hard -mthumb -o "Drivers/STM32F4xx_HAL_Driver/Src/stm32f4xx_hal_i2c.o"
arm-none-eabi-gcc "../Drivers/STM32F4xx_HAL_Driver/Src/stm32f4xx_hal_i2c_ex.c" -mcpu=cortex-m4 -std=gnu11 -g3 -DDEBUG -DUSE_HAL_DRIVER -DSTM32F407xx -c -I../Core/Inc -I../Drivers/STM32F4xx_HAL_Driver/Inc -I../Drivers/STM32F4xx_HAL_Driver/Inc/Legacy -I../Drivers/CMSIS/Device/ST/STM32F4xx/Include -I../Drivers/CMSIS/Include -O0 -ffunction-sections -fdata-sections -Wall -u _printf_float -fstack-usage -MMD -MP -MF"Drivers/STM32F4xx_HAL_Driver/Src/stm32f4xx_hal_i2c_ex.d" -MT"Drivers/STM32F4xx_HAL_Driver/Src/stm32f4xx_hal_i2c_ex.o" --specs=nano.specs -mfpu=fpv4-sp-d16 -mfloat-abi=hard -mthumb -o "Drivers/STM32F4xx_HAL_Driver/Src/stm32f4xx_hal_i2c_ex.o"
arm-none-eabi-gcc "../Drivers/STM32F4xx_HAL_Driver/Src/stm32f4xx_hal_pwr.c" -mcpu=cortex-m4 -std=gnu11 -g3 -DDEBUG -DUSE_HAL_DRIVER -DSTM32F407xx -c -I../Core/Inc -I../Drivers/STM32F4xx_HAL_Driver/Inc -I../Drivers/STM32F4xx_HAL_Driver/Inc/Legacy -I../Drivers/CMSIS/Device/ST/STM32F4xx/Include -I../Drivers/CMSIS/Include -O0 -ffunction-sections -fdata-sections -Wall -u _printf_float -fstack-usage -MMD -MP -MF"Drivers/STM32F4xx_HAL_Driver/Src/stm32f4xx_hal_pwr.d" -MT"Drivers/STM32F4xx_HAL_Driver/Src/stm32f4xx_hal_pwr.o" --specs=nano.specs -mfpu=fpv4-sp-d16 -mfloat-abi=hard -mthumb -o "Drivers/STM32F4xx_HAL_Driver/Src/stm32f4xx_hal_pwr.o"
arm-none-eabi-gcc "../Drivers/STM32F4xx_HAL_Driver/Src/stm32f4xx_hal_pwr_ex.c" -mcpu=cortex-m4 -std=gnu11 -g3 -DDEBUG -DUSE_HAL_DRIVER -DSTM32F407xx -c -I../Core/Inc -I../Drivers/STM32F4xx_HAL_Driver/Inc -I../Drivers/STM32F4xx_HAL_Driver/Inc/Legacy -I../Drivers/CMSIS/Device/ST/STM32F4xx/Include -I../Drivers/CMSIS/Include -O0 -ffunction-sections -fdata-sections -Wall -u _printf_float -fstack-usage -MMD -MP -MF"Drivers/STM32F4xx_HAL_Driver/Src/stm32f4xx_hal_pwr_ex.d" -MT"Drivers/STM32F4xx_HAL_Driver/Src/stm32f4xx_hal_pwr_ex.o" --specs=nano.specs -mfpu=fpv4-sp-d16 -mfloat-abi=hard -mthumb -o "Drivers/STM32F4xx_HAL_Driver/Src/stm32f4xx_hal_pwr_ex.o"
arm-none-eabi-gcc "../Drivers/STM32F4xx_HAL_Driver/Src/stm32f4xx_hal_rcc.c" -mcpu=cortex-m4 -std=gnu11 -g3 -DDEBUG -DUSE_HAL_DRIVER -DSTM32F407xx -c -I../Core/Inc -I../Drivers/STM32F4xx_HAL_Driver/Inc -I../Drivers/STM32F4xx_HAL_Driver/Inc/Legacy -I../Drivers/CMSIS/Device/ST/STM32F4xx/Include -I../Drivers/CMSIS/Include -O0 -ffunction-sections -fdata-sections -Wall -u _printf_float -fstack-usage -MMD -MP -MF"Drivers/STM32F4xx_HAL_Driver/Src/stm32f4xx_hal_rcc.d" -MT"Drivers/STM32F4xx_HAL_Driver/Src/stm32f4xx_hal_rcc.o" --specs=nano.specs -mfpu=fpv4-sp-d16 -mfloat-abi=hard -mthumb -o "Drivers/STM32F4xx_HAL_Driver/Src/stm32f4xx_hal_rcc.o"
arm-none-eabi-gcc "../Drivers/STM32F4xx_HAL_Driver/Src/stm32f4xx_hal_rcc_ex.c" -mcpu=cortex-m4 -std=gnu11 -g3 -DDEBUG -DUSE_HAL_DRIVER -DSTM32F407xx -c -I../Core/Inc -I../Drivers/STM32F4xx_HAL_Driver/Inc -I../Drivers/STM32F4xx_HAL_Driver/Inc/Legacy -I../Drivers/CMSIS/Device/ST/STM32F4xx/Include -I../Drivers/CMSIS/Include -O0 -ffunction-sections -fdata-sections -Wall -u _printf_float -fstack-usage -MMD -MP -MF"Drivers/STM32F4xx_HAL_Driver/Src/stm32f4xx_hal_rcc_ex.d" -MT"Drivers/STM32F4xx_HAL_Driver/Src/stm32f4xx_hal_rcc_ex.o" --specs=nano.specs -mfpu=fpv4-sp-d16 -mfloat-abi=hard -mthumb -o "Drivers/STM32F4xx_HAL_Driver/Src/stm32f4xx_hal_rcc_ex.o"
arm-none-eabi-gcc "../Drivers/STM32F4xx_HAL_Driver/Src/stm32f4xx_hal_uart.c" -mcpu=cortex-m4 -std=gnu11 -g3 -DDEBUG -DUSE_HAL_DRIVER -DSTM32F407xx -c -I../Core/Inc -I../Drivers/STM32F4xx_HAL_Driver/Inc -I../Drivers/STM32F4xx_HAL_Driver/Inc/Legacy -I../Drivers/CMSIS/Device/ST/STM32F4xx/Include -I../Drivers/CMSIS/Include -O0 -ffunction-sections -fdata-sections -Wall -u _printf_float -fstack-usage -MMD -MP -MF"Drivers/STM32F4xx_HAL_Driver/Src/stm32f4xx_hal_uart.d" -MT"Drivers/STM32F4xx_HAL_Driver/Src/stm32f4xx_hal_uart.o" --specs=nano.specs -mfpu=fpv4-sp-d16 -mfloat-abi=hard -mthumb -o "Drivers/STM32F4xx_HAL_Driver/Src/stm32f4xx_hal_uart.o"
arm-none-eabi-gcc -mcpu=cortex-m4 -g3 -DDEBUG -c -x assembler-with-cpp -MMD -MP -MF"Core/Startup/startup_stm32f407vetx.d" -MT"Core/Startup/startup_stm32f407vetx.o" --specs=nano.specs -mfpu=fpv4-sp-d16 -mfloat-abi=hard -mthumb -o "Core/Startup/startup_stm32f407vetx.o" "../Core/Startup/startup_stm32f407vetx.s"
arm-none-eabi-gcc "../Core/Src/IMU.c" -mcpu=cortex-m4 -std=gnu11 -g3 -DDEBUG -DUSE_HAL_DRIVER -DSTM32F407xx -c -I../Core/Inc -I../Drivers/STM32F4xx_HAL_Driver/Inc -I../Drivers/STM32F4xx_HAL_Driver/Inc/Legacy -I../Drivers/CMSIS/Device/ST/STM32F4xx/Include -I../Drivers/CMSIS/Include -O0 -ffunction-sections -fdata-sections -Wall -u _printf_float -fstack-usage -MMD -MP -MF"Core/Src/IMU.d" -MT"Core/Src/IMU.o" --specs=nano.specs -mfpu=fpv4-sp-d16 -mfloat-abi=hard -mthumb -o "Core/Src/IMU.o"
arm-none-eabi-gcc "../Core/Src/main.c" -mcpu=cortex-m4 -std=gnu11 -g3 -DDEBUG -DUSE_HAL_DRIVER -DSTM32F407xx -c -I../Core/Inc -I../Drivers/STM32F4xx_HAL_Driver/Inc -I../Drivers/STM32F4xx_HAL_Driver/Inc/Legacy -I../Drivers/CMSIS/Device/ST/STM32F4xx/Include -I../Drivers/CMSIS/Include -O0 -ffunction-sections -fdata-sections -Wall -u _printf_float -fstack-usage -MMD -MP -MF"Core/Src/main.d" -MT"Core/Src/main.o" --specs=nano.specs -mfpu=fpv4-sp-d16 -mfloat-abi=hard -mthumb -o "Core/Src/main.o"
arm-none-eabi-gcc "../Core/Src/stm32f4xx_hal_msp.c" -mcpu=cortex-m4 -std=gnu11 -g3 -DDEBUG -DUSE_HAL_DRIVER -DSTM32F407xx -c -I../Core/Inc -I../Drivers/STM32F4xx_HAL_Driver/Inc -I../Drivers/STM32F4xx_HAL_Driver/Inc/Legacy -I../Drivers/CMSIS/Device/ST/STM32F4xx/Include -I../Drivers/CMSIS/Include -O0 -ffunction-sections -fdata-sections -Wall -u _printf_float -fstack-usage -MMD -MP -MF"Core/Src/stm32f4xx_hal_msp.d" -MT"Core/Src/stm32f4xx_hal_msp.o" --specs=nano.specs -mfpu=fpv4-sp-d16 -mfloat-abi=hard -mthumb -o "Core/Src/stm32f4xx_hal_msp.o"
arm-none-eabi-gcc "../Core/Src/stm32f4xx_it.c" -mcpu=cortex-m4 -std=gnu11 -g3 -DDEBUG -DUSE_HAL_DRIVER -DSTM32F407xx -c -I../Core/Inc -I../Drivers/STM32F4xx_HAL_Driver/Inc -I../Drivers/STM32F4xx_HAL_Driver/Inc/Legacy -I../Drivers/CMSIS/Device/ST/STM32F4xx/Include -I../Drivers/CMSIS/Include -O0 -ffunction-sections -fdata-sections -Wall -u _printf_float -fstack-usage -MMD -MP -MF"Core/Src/stm32f4xx_it.d" -MT"Core/Src/stm32f4xx_it.o" --specs=nano.specs -mfpu=fpv4-sp-d16 -mfloat-abi=hard -mthumb -o "Core/Src/stm32f4xx_it.o"
arm-none-eabi-gcc "../Core/Src/syscalls.c" -mcpu=cortex-m4 -std=gnu11 -g3 -DDEBUG -DUSE_HAL_DRIVER -DSTM32F407xx -c -I../Core/Inc -I../Drivers/STM32F4xx_HAL_Driver/Inc -I../Drivers/STM32F4xx_HAL_Driver/Inc/Legacy -I../Drivers/CMSIS/Device/ST/STM32F4xx/Include -I../Drivers/CMSIS/Include -O0 -ffunction-sections -fdata-sections -Wall -u _printf_float -fstack-usage -MMD -MP -MF"Core/Src/syscalls.d" -MT"Core/Src/syscalls.o" --specs=nano.specs -mfpu=fpv4-sp-d16 -mfloat-abi=hard -mthumb -o "Core/Src/syscalls.o"
arm-none-eabi-gcc "../Core/Src/sysmem.c" -mcpu=cortex-m4 -std=gnu11 -g3 -DDEBUG -DUSE_HAL_DRIVER -DSTM32F407xx -c -I../Core/Inc -I../Drivers/STM32F4xx_HAL_Driver/Inc -I../Drivers/STM32F4xx_HAL_Driver/Inc/Legacy -I../Drivers/CMSIS/Device/ST/STM32F4xx/Include -I../Drivers/CMSIS/Include -O0 -ffunction-sections -fdata-sections -Wall -u _printf_float -fstack-usage -MMD -MP -MF"Core/Src/sysmem.d" -MT"Core/Src/sysmem.o" --specs=nano.specs -mfpu=fpv4-sp-d16 -mfloat-abi=hard -mthumb -o "Core/Src/sysmem.o"
arm-none-eabi-gcc "../Core/Src/system_stm32f4xx.c" -mcpu=cortex-m4 -std=gnu11 -g3 -DDEBUG -DUSE_HAL_DRIVER -DSTM32F407xx -c -I../Core/Inc -I../Drivers/STM32F4xx_HAL_Driver/Inc -I../Drivers/STM32F4xx_HAL_Driver/Inc/Legacy -I../Drivers/CMSIS/Device/ST/STM32F4xx/Include -I../Drivers/CMSIS/Include -O0 -ffunction-sections -fdata-sections -Wall -u _printf_float -fstack-usage -MMD -MP -MF"Core/Src/system_stm32f4xx.d" -MT"Core/Src/system_stm32f4xx.o" --specs=nano.specs -mfpu=fpv4-sp-d16 -mfloat-abi=hard -mthumb -o "Core/Src/system_stm32f4xx.o"
../Core/Src/IMU.c: In function 'IMU_Initialise':
../Core/Src/IMU.c:40:16: warning: function returns address of local variable [-Wreturn-local-addr]
   40 |         return &uartbuf[0];
      |                ^~~~~~~~~~~
../Core/Src/IMU.c:49:16: warning: function returns address of local variable [-Wreturn-local-addr]
   49 |         return &uartbuf[0];
      |                ^~~~~~~~~~~
../Core/Src/IMU.c:54:15: warning: pointer targets in passing argument 1 of 'strcpy' differ in signedness [-Wpointer-sign]
   54 |        strcpy(uartbuf, hex); // copy back to buf
      |               ^~~~~~~
      |               |
      |               uint8_t * {aka unsigned char *}
In file included from ../Core/Src/IMU.c:2:
c:\st\stm32cubeide_1.11.0\stm32cubeide\plugins\com.st.stm32cube.ide.mcu.externaltools.gnu-tools-for-stm32.10.3-2021.10.win32_1.0.100.202210260954\tools\arm-none-eabi\include\string.h:38:16: note: expected 'char * restrict' but argument is of type 'uint8_t *' {aka 'unsigned char *'}
   38 | char  *strcpy (char *__restrict, const char *__restrict);
      |                ^
../Core/Src/IMU.c:75:16: warning: function returns address of local variable [-Wreturn-local-addr]
   75 |         return &uartbuf[0];
      |                ^~~~~~~~~~~
../Core/Src/IMU.c:80:16: warning: function returns address of local variable [-Wreturn-local-addr]
   80 |         return &uartbuf[0];
      |                ^~~~~~~~~~~
../Core/Src/IMU.c:86:16: warning: function returns address of local variable [-Wreturn-local-addr]
   86 |         return &uartbuf[0];
      |                ^~~~~~~~~~~
../Core/Src/IMU.c:95:16: warning: function returns address of local variable [-Wreturn-local-addr]
   95 |         return &uartbuf[0];
      |                ^~~~~~~~~~~
../Core/Src/IMU.c:102:16: warning: function returns address of local variable [-Wreturn-local-addr]
  102 |         return &uartbuf[0];
      |                ^~~~~~~~~~~
../Core/Src/IMU.c:113:16: warning: function returns address of local variable [-Wreturn-local-addr]
  113 |         return &uartbuf[0];
      |                ^~~~~~~~~~~
../Core/Src/IMU.c:118:16: warning: function returns address of local variable [-Wreturn-local-addr]
  118 |         return &uartbuf[0];
      |                ^~~~~~~~~~~
../Core/Src/IMU.c:123:16: warning: function returns address of local variable [-Wreturn-local-addr]
  123 |         return &uartbuf[0];
      |                ^~~~~~~~~~~
../Core/Src/IMU.c:130:16: warning: function returns address of local variable [-Wreturn-local-addr]
  130 |         return &uartbuf[0];
      |                ^~~~~~~~~~~
../Core/Src/IMU.c:137:16: warning: function returns address of local variable [-Wreturn-local-addr]
  137 |         return &uartbuf[0];
      |                ^~~~~~~~~~~
../Core/Src/IMU.c:148:16: warning: function returns address of local variable [-Wreturn-local-addr]
  148 |         return &uartbuf[0];
      |                ^~~~~~~~~~~
../Core/Src/IMU.c: In function 'IMU_TempRead':
../Core/Src/IMU.c:179:13: warning: unused variable 'tempC' [-Wunused-variable]
  179 |     int32_t tempC;// temperature in deg C, with sensitivity 333.87.   Offset value 0 = 21 deg C
      |             ^~~~~
../Core/Src/IMU.c: In function 'Gyro_calibrate':
../Core/Src/IMU.c:251:42: warning: suggest parentheses around arithmetic in operand of '|' [-Wparentheses]
  251 |      gyroRaw[1] = (u8Buf[1]<<8)|u8Buf[0] + gyroRaw[1];
      |                                 ~~~~~~~~~^~~~~~~~~~~~
../Core/Src/IMU.c:255:42: warning: suggest parentheses around arithmetic in operand of '|' [-Wparentheses]
  255 |      gyroRaw[2] = (u8Buf[1]<<8)|u8Buf[0] + gyroRaw[2];
      |                                 ~~~~~~~~~^~~~~~~~~~~~
../Core/Src/IMU.c: In function 'IMU_GyroRead':
../Core/Src/IMU.c:278:41: warning: suggest parentheses around arithmetic in operand of '|' [-Wparentheses]
  278 |     gyroRaw[1] = (u8Buf[1]<<8)|u8Buf[0] -  gyro_offset[1];
      |                                ~~~~~~~~~^~~~~~~~~~~~~~~~~
../Core/Src/IMU.c:284:41: warning: suggest parentheses around arithmetic in operand of '|' [-Wparentheses]
  284 |     gyroRaw[2] = (u8Buf[1]<<8)|u8Buf[0] -  gyro_offset[2];
      |                                ~~~~~~~~~^~~~~~~~~~~~~~~~~
../Core/Src/IMU.c:291:41: warning: suggest parentheses around arithmetic in operand of '|' [-Wparentheses]
  291 |     gyroRaw[0] = (u8Buf[1]<<8)|u8Buf[0] - gyro_offset[0];
      |                                ~~~~~~~~~^~~~~~~~~~~~~~~~
../Core/Src/IMU.c:273:13: warning: variable 'temp' set but not used [-Wunused-but-set-variable]
  273 |     int16_t temp;
      |             ^~~~
../Core/Src/IMU.c:272:13: warning: variable 'gyroDiff' set but not used [-Wunused-but-set-variable]
  272 |     int16_t gyroDiff[3];
      |             ^~~~~~~~
../Core/Src/IMU.c: In function 'IMU_TempRead':
../Core/Src/IMU.c:185:1: warning: control reaches end of non-void function [-Wreturn-type]
  185 | }
      | ^
../Core/Src/main.c: In function 'main':
../Core/Src/main.c:96:20: warning: implicit declaration of function 'IMU_Initialise' [-Wimplicit-function-declaration]
   96 |   uint8_t status = IMU_Initialise(&imu, &hi2c1, &huart3);
      |                    ^~~~~~~~~~~~~~
../Core/Src/main.c:109:7: warning: implicit declaration of function 'IMU_AccelRead' [-Wimplicit-function-declaration]
  109 |       IMU_AccelRead(&imu);
      |       ^~~~~~~~~~~~~
../Core/Src/main.c:110:7: warning: implicit declaration of function 'IMU_GyroRead'; did you mean 'IMU_TempRead'? [-Wimplicit-function-declaration]
  110 |       IMU_GyroRead(&imu);
      |       ^~~~~~~~~~~~
      |       IMU_TempRead
../Core/Src/main.c:112:7: warning: implicit declaration of function 'sprintf' [-Wimplicit-function-declaration]
  112 |       sprintf(&sbuf[0], "%5.2f ", imu.acc[0]);
      |       ^~~~~~~
../Core/Src/main.c:112:7: warning: incompatible implicit declaration of built-in function 'sprintf'
../Core/Src/main.c:25:1: note: include '<stdio.h>' or provide a declaration of 'sprintf'
   24 | #include "ICM20948.h"
  +++ |+#include <stdio.h>
   25 | /* USER CODE END Includes */
../Core/Src/main.c:112:15: warning: passing argument 1 of 'sprintf' from incompatible pointer type [-Wincompatible-pointer-types]
  112 |       sprintf(&sbuf[0], "%5.2f ", imu.acc[0]);
      |               ^~~~~~~~
      |               |
      |               uint8_t (*)[10] {aka unsigned char (*)[10]}
../Core/Src/main.c:112:15: note: expected 'char *' but argument is of type 'uint8_t (*)[10]' {aka 'unsigned char (*)[10]'}
../Core/Src/main.c:113:15: warning: passing argument 1 of 'sprintf' from incompatible pointer type [-Wincompatible-pointer-types]
  113 |       sprintf(&sbuf[1], "%5.2f ", imu.acc[1]);
      |               ^~~~~~~~
      |               |
      |               uint8_t (*)[10] {aka unsigned char (*)[10]}
../Core/Src/main.c:113:15: note: expected 'char *' but argument is of type 'uint8_t (*)[10]' {aka 'unsigned char (*)[10]'}
../Core/Src/main.c:114:15: warning: passing argument 1 of 'sprintf' from incompatible pointer type [-Wincompatible-pointer-types]
  114 |       sprintf(&sbuf[2], "%5.2f ", imu.acc[2]);
      |               ^~~~~~~~
      |               |
      |               uint8_t (*)[10] {aka unsigned char (*)[10]}
../Core/Src/main.c:114:15: note: expected 'char *' but argument is of type 'uint8_t (*)[10]' {aka 'unsigned char (*)[10]'}
../Core/Src/main.c:115:15: warning: passing argument 1 of 'sprintf' from incompatible pointer type [-Wincompatible-pointer-types]
  115 |       sprintf(&sbuf[3], "%5.2f , ", imu.gyro[0]);
      |               ^~~~~~~~
      |               |
      |               uint8_t (*)[10] {aka unsigned char (*)[10]}
../Core/Src/main.c:115:15: note: expected 'char *' but argument is of type 'uint8_t (*)[10]' {aka 'unsigned char (*)[10]'}
../Core/Src/main.c:116:15: warning: passing argument 1 of 'sprintf' from incompatible pointer type [-Wincompatible-pointer-types]
  116 |       sprintf(&sbuf[4], "%5.2f , ", imu.gyro[1]);
      |               ^~~~~~~~
      |               |
      |               uint8_t (*)[10] {aka unsigned char (*)[10]}
../Core/Src/main.c:116:15: note: expected 'char *' but argument is of type 'uint8_t (*)[10]' {aka 'unsigned char (*)[10]'}
../Core/Src/main.c:117:15: warning: passing argument 1 of 'sprintf' from incompatible pointer type [-Wincompatible-pointer-types]
  117 |       sprintf(&sbuf[5], "%5.2f , ", imu.gyro[2]);
      |               ^~~~~~~~
      |               |
      |               uint8_t (*)[10] {aka unsigned char (*)[10]}
../Core/Src/main.c:117:15: note: expected 'char *' but argument is of type 'uint8_t (*)[10]' {aka 'unsigned char (*)[10]'}
../Core/Src/main.c:135:34: warning: passing argument 2 of 'HAL_UART_Transmit' from incompatible pointer type [-Wincompatible-pointer-types]
  135 |       HAL_UART_Transmit(&huart3, sbuf, 60, HAL_MAX_DELAY);
      |                                  ^~~~
      |                                  |
      |                                  uint8_t (*)[10] {aka unsigned char (*)[10]}
In file included from ../Core/Inc/stm32f4xx_hal_conf.h:406,
                 from ../Drivers/STM32F4xx_HAL_Driver/Inc/stm32f4xx_hal.h:29,
                 from ../Core/Inc/main.h:30,
                 from ../Core/Src/main.c:20:
../Drivers/STM32F4xx_HAL_Driver/Inc/stm32f4xx_hal_uart.h:722:79: note: expected 'const uint8_t *' {aka 'const unsigned char *'} but argument is of type 'uint8_t (*)[10]' {aka 'unsigned char (*)[10]'}
  722 | HAL_StatusTypeDef HAL_UART_Transmit(UART_HandleTypeDef *huart, const uint8_t *pData, uint16_t Size, uint32_t Timeout);
      |                                                                ~~~~~~~~~~~~~~~^~~~~
../Core/Src/main.c:136:34: warning: pointer targets in passing argument 2 of 'HAL_UART_Transmit' differ in signedness [-Wpointer-sign]
  136 |       HAL_UART_Transmit(&huart3, "\n\r", 2, HAL_MAX_DELAY);
      |                                  ^~~~~~
      |                                  |
      |                                  char *
In file included from ../Core/Inc/stm32f4xx_hal_conf.h:406,
                 from ../Drivers/STM32F4xx_HAL_Driver/Inc/stm32f4xx_hal.h:29,
                 from ../Core/Inc/main.h:30,
                 from ../Core/Src/main.c:20:
../Drivers/STM32F4xx_HAL_Driver/Inc/stm32f4xx_hal_uart.h:722:79: note: expected 'const uint8_t *' {aka 'const unsigned char *'} but argument is of type 'char *'
  722 | HAL_StatusTypeDef HAL_UART_Transmit(UART_HandleTypeDef *huart, const uint8_t *pData, uint16_t Size, uint32_t Timeout);
      |                                                                ~~~~~~~~~~~~~~~^~~~~
../Core/Src/main.c:96:11: warning: unused variable 'status' [-Wunused-variable]
   96 |   uint8_t status = IMU_Initialise(&imu, &hi2c1, &huart3);
      |           ^~~~~~
arm-none-eabi-gcc -o "IMU.elf" @"objects.list"   -mcpu=cortex-m4 -T"D:\Coding\STM32-Robot-Hardware-Control\IMU\STM32F407VETX_FLASH.ld" --specs=nosys.specs -Wl,-Map="IMU.map" -Wl,--gc-sections -static -u _printf_float --specs=nano.specs -mfpu=fpv4-sp-d16 -mfloat-abi=hard -mthumb -Wl,--start-group -lc -lm -Wl,--end-group
Finished building target: IMU.elf
 
arm-none-eabi-size   IMU.elf 
arm-none-eabi-objdump -h -S  IMU.elf  > "IMU.list"
   text	   data	    bss	    dec	    hex	filename
  30420	    484	   1796	  32700	   7fbc	IMU.elf
arm-none-eabi-objcopy  -O ihex  IMU.elf  "IMU.hex"
Finished building: default.size.stdout
 
Finished building: IMU.list
 
Finished building: IMU.hex
 
15:22:23 **** Clean-only build of configuration Debug for project MDP_V1 ****
make -j16 clean 
rm -rf ./PeripheralDriver/Src/ICM20948.d ./PeripheralDriver/Src/ICM20948.o ./PeripheralDriver/Src/ICM20948.su ./PeripheralDriver/Src/oled.d ./PeripheralDriver/Src/oled.o ./PeripheralDriver/Src/oled.su
rm -rf ./Middlewares/Third_Party/FreeRTOS/Source/portable/MemMang/heap_4.d ./Middlewares/Third_Party/FreeRTOS/Source/portable/MemMang/heap_4.o ./Middlewares/Third_Party/FreeRTOS/Source/portable/MemMang/heap_4.su
rm -rf ./Middlewares/Third_Party/FreeRTOS/Source/portable/GCC/ARM_CM4F/port.d ./Middlewares/Third_Party/FreeRTOS/Source/portable/GCC/ARM_CM4F/port.o ./Middlewares/Third_Party/FreeRTOS/Source/portable/GCC/ARM_CM4F/port.su
rm -rf ./Middlewares/Third_Party/FreeRTOS/Source/CMSIS_RTOS_V2/cmsis_os2.d ./Middlewares/Third_Party/FreeRTOS/Source/CMSIS_RTOS_V2/cmsis_os2.o ./Middlewares/Third_Party/FreeRTOS/Source/CMSIS_RTOS_V2/cmsis_os2.su
rm -rf ./Middlewares/Third_Party/FreeRTOS/Source/croutine.d ./Middlewares/Third_Party/FreeRTOS/Source/croutine.o ./Middlewares/Third_Party/FreeRTOS/Source/croutine.su ./Middlewares/Third_Party/FreeRTOS/Source/event_groups.d ./Middlewares/Third_Party/FreeRTOS/Source/event_groups.o ./Middlewares/Third_Party/FreeRTOS/Source/event_groups.su ./Middlewares/Third_Party/FreeRTOS/Source/list.d ./Middlewares/Third_Party/FreeRTOS/Source/list.o ./Middlewares/Third_Party/FreeRTOS/Source/list.su ./Middlewares/Third_Party/FreeRTOS/Source/queue.d ./Middlewares/Third_Party/FreeRTOS/Source/queue.o ./Middlewares/Third_Party/FreeRTOS/Source/queue.su ./Middlewares/Third_Party/FreeRTOS/Source/stream_buffer.d ./Middlewares/Third_Party/FreeRTOS/Source/stream_buffer.o ./Middlewares/Third_Party/FreeRTOS/Source/stream_buffer.su ./Middlewares/Third_Party/FreeRTOS/Source/tasks.d ./Middlewares/Third_Party/FreeRTOS/Source/tasks.o ./Middlewares/Third_Party/FreeRTOS/Source/tasks.su ./Middlewares/Third_Party/FreeRTOS/Source/timers.d ./Middlewares/Third_Party/FreeRTOS/Source/timers.o ./Middlewares/Third_Party/FreeRTOS/Source/timers.su
rm -rf ./Drivers/STM32F4xx_HAL_Driver/Src/stm32f4xx_hal.d ./Drivers/STM32F4xx_HAL_Driver/Src/stm32f4xx_hal.o ./Drivers/STM32F4xx_HAL_Driver/Src/stm32f4xx_hal.su ./Drivers/STM32F4xx_HAL_Driver/Src/stm32f4xx_hal_cortex.d ./Drivers/STM32F4xx_HAL_Driver/Src/stm32f4xx_hal_cortex.o ./Drivers/STM32F4xx_HAL_Driver/Src/stm32f4xx_hal_cortex.su ./Drivers/STM32F4xx_HAL_Driver/Src/stm32f4xx_hal_dma.d ./Drivers/STM32F4xx_HAL_Driver/Src/stm32f4xx_hal_dma.o ./Drivers/STM32F4xx_HAL_Driver/Src/stm32f4xx_hal_dma.su ./Drivers/STM32F4xx_HAL_Driver/Src/stm32f4xx_hal_dma_ex.d ./Drivers/STM32F4xx_HAL_Driver/Src/stm32f4xx_hal_dma_ex.o ./Drivers/STM32F4xx_HAL_Driver/Src/stm32f4xx_hal_dma_ex.su ./Drivers/STM32F4xx_HAL_Driver/Src/stm32f4xx_hal_exti.d ./Drivers/STM32F4xx_HAL_Driver/Src/stm32f4xx_hal_exti.o ./Drivers/STM32F4xx_HAL_Driver/Src/stm32f4xx_hal_exti.su ./Drivers/STM32F4xx_HAL_Driver/Src/stm32f4xx_hal_flash.d ./Drivers/STM32F4xx_HAL_Driver/Src/stm32f4xx_hal_flash.o ./Drivers/STM32F4xx_HAL_Driver/Src/stm32f4xx_hal_flash.su ./Drivers/STM32F4xx_HAL_Driver/Src/stm32f4xx_hal_flash_ex.d ./Drivers/STM32F4xx_HAL_Driver/Src/stm32f4xx_hal_flash_ex.o ./Drivers/STM32F4xx_HAL_Driver/Src/stm32f4xx_hal_flash_ex.su ./Drivers/STM32F4xx_HAL_Driver/Src/stm32f4xx_hal_flash_ramfunc.d ./Drivers/STM32F4xx_HAL_Driver/Src/stm32f4xx_hal_flash_ramfunc.o ./Drivers/STM32F4xx_HAL_Driver/Src/stm32f4xx_hal_flash_ramfunc.su ./Drivers/STM32F4xx_HAL_Driver/Src/stm32f4xx_hal_gpio.d ./Drivers/STM32F4xx_HAL_Driver/Src/stm32f4xx_hal_gpio.o ./Drivers/STM32F4xx_HAL_Driver/Src/stm32f4xx_hal_gpio.su ./Drivers/STM32F4xx_HAL_Driver/Src/stm32f4xx_hal_i2c.d ./Drivers/STM32F4xx_HAL_Driver/Src/stm32f4xx_hal_i2c.o ./Drivers/STM32F4xx_HAL_Driver/Src/stm32f4xx_hal_i2c.su ./Drivers/STM32F4xx_HAL_Driver/Src/stm32f4xx_hal_i2c_ex.d ./Drivers/STM32F4xx_HAL_Driver/Src/stm32f4xx_hal_i2c_ex.o ./Drivers/STM32F4xx_HAL_Driver/Src/stm32f4xx_hal_i2c_ex.su ./Drivers/STM32F4xx_HAL_Driver/Src/stm32f4xx_hal_pwr.d ./Drivers/STM32F4xx_HAL_Driver/Src/stm32f4xx_hal_pwr.o ./Drivers/STM32F4xx_HAL_Driver/Src/stm32f4xx_hal_pwr.su ./Drivers/STM32F4xx_HAL_Driver/Src/stm32f4xx_hal_pwr_ex.d ./Drivers/STM32F4xx_HAL_Driver/Src/stm32f4xx_hal_pwr_ex.o ./Drivers/STM32F4xx_HAL_Driver/Src/stm32f4xx_hal_pwr_ex.su ./Drivers/STM32F4xx_HAL_Driver/Src/stm32f4xx_hal_rcc.d ./Drivers/STM32F4xx_HAL_Driver/Src/stm32f4xx_hal_rcc.o ./Drivers/STM32F4xx_HAL_Driver/Src/stm32f4xx_hal_rcc.su ./Drivers/STM32F4xx_HAL_Driver/Src/stm32f4xx_hal_rcc_ex.d ./Drivers/STM32F4xx_HAL_Driver/Src/stm32f4xx_hal_rcc_ex.o ./Drivers/STM32F4xx_HAL_Driver/Src/stm32f4xx_hal_rcc_ex.su ./Drivers/STM32F4xx_HAL_Driver/Src/stm32f4xx_hal_tim.d ./Drivers/STM32F4xx_HAL_Driver/Src/stm32f4xx_hal_tim.o ./Drivers/STM32F4xx_HAL_Driver/Src/stm32f4xx_hal_tim.su ./Drivers/STM32F4xx_HAL_Driver/Src/stm32f4xx_hal_tim_ex.d ./Drivers/STM32F4xx_HAL_Driver/Src/stm32f4xx_hal_tim_ex.o ./Drivers/STM32F4xx_HAL_Driver/Src/stm32f4xx_hal_tim_ex.su ./Drivers/STM32F4xx_HAL_Driver/Src/stm32f4xx_hal_uart.d ./Drivers/STM32F4xx_HAL_Driver/Src/stm32f4xx_hal_uart.o ./Drivers/STM32F4xx_HAL_Driver/Src/stm32f4xx_hal_uart.su
rm -rf ./Core/Startup/startup_stm32f407vetx.d ./Core/Startup/startup_stm32f407vetx.o
rm -rf ./Core/Src/freertos.d ./Core/Src/freertos.o ./Core/Src/freertos.su ./Core/Src/main.d ./Core/Src/main.o ./Core/Src/main.su ./Core/Src/pid.d ./Core/Src/pid.o ./Core/Src/pid.su ./Core/Src/stm32f4xx_hal_msp.d ./Core/Src/stm32f4xx_hal_msp.o ./Core/Src/stm32f4xx_hal_msp.su ./Core/Src/stm32f4xx_hal_timebase_tim.d ./Core/Src/stm32f4xx_hal_timebase_tim.o ./Core/Src/stm32f4xx_hal_timebase_tim.su ./Core/Src/stm32f4xx_it.d ./Core/Src/stm32f4xx_it.o ./Core/Src/stm32f4xx_it.su ./Core/Src/syscalls.d ./Core/Src/syscalls.o ./Core/Src/syscalls.su ./Core/Src/sysmem.d ./Core/Src/sysmem.o ./Core/Src/sysmem.su ./Core/Src/system_stm32f4xx.d ./Core/Src/system_stm32f4xx.o ./Core/Src/system_stm32f4xx.su
rm -rf MDP_V1.elf MDP_V1.hex MDP_V1.list MDP_V1.map default.size.stdout
 
15:22:24 **** Build of configuration Debug for project MDP_V1 ****
make -j16 all 
arm-none-eabi-gcc "../PeripheralDriver/Src/ICM20948.c" -mcpu=cortex-m4 -std=gnu11 -g3 -DDEBUG -DUSE_HAL_DRIVER -DSTM32F407xx -c -I../Core/Inc -I../Drivers/STM32F4xx_HAL_Driver/Inc -I../Drivers/STM32F4xx_HAL_Driver/Inc/Legacy -I../Drivers/CMSIS/Device/ST/STM32F4xx/Include -I../Drivers/CMSIS/Include -I../Middlewares/Third_Party/FreeRTOS/Source/include -I../Middlewares/Third_Party/FreeRTOS/Source/portable/GCC/ARM_CM4F -I../App/Inc -I"D:/Coding/STM32-Robot-Hardware-Control/MDP_V1/PeripheralDriver/Inc" -I"D:/Coding/MDP-Group1/MDP_V1/PeripheralDriver/Inc" -I../Middlewares/Third_Party/FreeRTOS/Source/CMSIS_RTOS_V2 -O0 -ffunction-sections -fdata-sections -Wall -u _printf_float -fstack-usage -MMD -MP -MF"PeripheralDriver/Src/ICM20948.d" -MT"PeripheralDriver/Src/ICM20948.o" --specs=nano.specs -mfpu=fpv4-sp-d16 -mfloat-abi=hard -mthumb -o "PeripheralDriver/Src/ICM20948.o"
arm-none-eabi-gcc "../PeripheralDriver/Src/oled.c" -mcpu=cortex-m4 -std=gnu11 -g3 -DDEBUG -DUSE_HAL_DRIVER -DSTM32F407xx -c -I../Core/Inc -I../Drivers/STM32F4xx_HAL_Driver/Inc -I../Drivers/STM32F4xx_HAL_Driver/Inc/Legacy -I../Drivers/CMSIS/Device/ST/STM32F4xx/Include -I../Drivers/CMSIS/Include -I../Middlewares/Third_Party/FreeRTOS/Source/include -I../Middlewares/Third_Party/FreeRTOS/Source/portable/GCC/ARM_CM4F -I../App/Inc -I"D:/Coding/STM32-Robot-Hardware-Control/MDP_V1/PeripheralDriver/Inc" -I"D:/Coding/MDP-Group1/MDP_V1/PeripheralDriver/Inc" -I../Middlewares/Third_Party/FreeRTOS/Source/CMSIS_RTOS_V2 -O0 -ffunction-sections -fdata-sections -Wall -u _printf_float -fstack-usage -MMD -MP -MF"PeripheralDriver/Src/oled.d" -MT"PeripheralDriver/Src/oled.o" --specs=nano.specs -mfpu=fpv4-sp-d16 -mfloat-abi=hard -mthumb -o "PeripheralDriver/Src/oled.o"
arm-none-eabi-gcc "../Middlewares/Third_Party/FreeRTOS/Source/portable/MemMang/heap_4.c" -mcpu=cortex-m4 -std=gnu11 -g3 -DDEBUG -DUSE_HAL_DRIVER -DSTM32F407xx -c -I../Core/Inc -I../Drivers/STM32F4xx_HAL_Driver/Inc -I../Drivers/STM32F4xx_HAL_Driver/Inc/Legacy -I../Drivers/CMSIS/Device/ST/STM32F4xx/Include -I../Drivers/CMSIS/Include -I../Middlewares/Third_Party/FreeRTOS/Source/include -I../Middlewares/Third_Party/FreeRTOS/Source/portable/GCC/ARM_CM4F -I../App/Inc -I"D:/Coding/STM32-Robot-Hardware-Control/MDP_V1/PeripheralDriver/Inc" -I"D:/Coding/MDP-Group1/MDP_V1/PeripheralDriver/Inc" -I../Middlewares/Third_Party/FreeRTOS/Source/CMSIS_RTOS_V2 -O0 -ffunction-sections -fdata-sections -Wall -u _printf_float -fstack-usage -MMD -MP -MF"Middlewares/Third_Party/FreeRTOS/Source/portable/MemMang/heap_4.d" -MT"Middlewares/Third_Party/FreeRTOS/Source/portable/MemMang/heap_4.o" --specs=nano.specs -mfpu=fpv4-sp-d16 -mfloat-abi=hard -mthumb -o "Middlewares/Third_Party/FreeRTOS/Source/portable/MemMang/heap_4.o"
arm-none-eabi-gcc "../Middlewares/Third_Party/FreeRTOS/Source/portable/GCC/ARM_CM4F/port.c" -mcpu=cortex-m4 -std=gnu11 -g3 -DDEBUG -DUSE_HAL_DRIVER -DSTM32F407xx -c -I../Core/Inc -I../Drivers/STM32F4xx_HAL_Driver/Inc -I../Drivers/STM32F4xx_HAL_Driver/Inc/Legacy -I../Drivers/CMSIS/Device/ST/STM32F4xx/Include -I../Drivers/CMSIS/Include -I../Middlewares/Third_Party/FreeRTOS/Source/include -I../Middlewares/Third_Party/FreeRTOS/Source/portable/GCC/ARM_CM4F -I../App/Inc -I"D:/Coding/STM32-Robot-Hardware-Control/MDP_V1/PeripheralDriver/Inc" -I"D:/Coding/MDP-Group1/MDP_V1/PeripheralDriver/Inc" -I../Middlewares/Third_Party/FreeRTOS/Source/CMSIS_RTOS_V2 -O0 -ffunction-sections -fdata-sections -Wall -u _printf_float -fstack-usage -MMD -MP -MF"Middlewares/Third_Party/FreeRTOS/Source/portable/GCC/ARM_CM4F/port.d" -MT"Middlewares/Third_Party/FreeRTOS/Source/portable/GCC/ARM_CM4F/port.o" --specs=nano.specs -mfpu=fpv4-sp-d16 -mfloat-abi=hard -mthumb -o "Middlewares/Third_Party/FreeRTOS/Source/portable/GCC/ARM_CM4F/port.o"
arm-none-eabi-gcc "../Middlewares/Third_Party/FreeRTOS/Source/CMSIS_RTOS_V2/cmsis_os2.c" -mcpu=cortex-m4 -std=gnu11 -g3 -DDEBUG -DUSE_HAL_DRIVER -DSTM32F407xx -c -I../Core/Inc -I../Drivers/STM32F4xx_HAL_Driver/Inc -I../Drivers/STM32F4xx_HAL_Driver/Inc/Legacy -I../Drivers/CMSIS/Device/ST/STM32F4xx/Include -I../Drivers/CMSIS/Include -I../Middlewares/Third_Party/FreeRTOS/Source/include -I../Middlewares/Third_Party/FreeRTOS/Source/portable/GCC/ARM_CM4F -I../App/Inc -I"D:/Coding/STM32-Robot-Hardware-Control/MDP_V1/PeripheralDriver/Inc" -I"D:/Coding/MDP-Group1/MDP_V1/PeripheralDriver/Inc" -I../Middlewares/Third_Party/FreeRTOS/Source/CMSIS_RTOS_V2 -O0 -ffunction-sections -fdata-sections -Wall -u _printf_float -fstack-usage -MMD -MP -MF"Middlewares/Third_Party/FreeRTOS/Source/CMSIS_RTOS_V2/cmsis_os2.d" -MT"Middlewares/Third_Party/FreeRTOS/Source/CMSIS_RTOS_V2/cmsis_os2.o" --specs=nano.specs -mfpu=fpv4-sp-d16 -mfloat-abi=hard -mthumb -o "Middlewares/Third_Party/FreeRTOS/Source/CMSIS_RTOS_V2/cmsis_os2.o"
arm-none-eabi-gcc "../Middlewares/Third_Party/FreeRTOS/Source/croutine.c" -mcpu=cortex-m4 -std=gnu11 -g3 -DDEBUG -DUSE_HAL_DRIVER -DSTM32F407xx -c -I../Core/Inc -I../Drivers/STM32F4xx_HAL_Driver/Inc -I../Drivers/STM32F4xx_HAL_Driver/Inc/Legacy -I../Drivers/CMSIS/Device/ST/STM32F4xx/Include -I../Drivers/CMSIS/Include -I../Middlewares/Third_Party/FreeRTOS/Source/include -I../Middlewares/Third_Party/FreeRTOS/Source/portable/GCC/ARM_CM4F -I../App/Inc -I"D:/Coding/STM32-Robot-Hardware-Control/MDP_V1/PeripheralDriver/Inc" -I"D:/Coding/MDP-Group1/MDP_V1/PeripheralDriver/Inc" -I../Middlewares/Third_Party/FreeRTOS/Source/CMSIS_RTOS_V2 -O0 -ffunction-sections -fdata-sections -Wall -u _printf_float -fstack-usage -MMD -MP -MF"Middlewares/Third_Party/FreeRTOS/Source/croutine.d" -MT"Middlewares/Third_Party/FreeRTOS/Source/croutine.o" --specs=nano.specs -mfpu=fpv4-sp-d16 -mfloat-abi=hard -mthumb -o "Middlewares/Third_Party/FreeRTOS/Source/croutine.o"
arm-none-eabi-gcc "../Middlewares/Third_Party/FreeRTOS/Source/event_groups.c" -mcpu=cortex-m4 -std=gnu11 -g3 -DDEBUG -DUSE_HAL_DRIVER -DSTM32F407xx -c -I../Core/Inc -I../Drivers/STM32F4xx_HAL_Driver/Inc -I../Drivers/STM32F4xx_HAL_Driver/Inc/Legacy -I../Drivers/CMSIS/Device/ST/STM32F4xx/Include -I../Drivers/CMSIS/Include -I../Middlewares/Third_Party/FreeRTOS/Source/include -I../Middlewares/Third_Party/FreeRTOS/Source/portable/GCC/ARM_CM4F -I../App/Inc -I"D:/Coding/STM32-Robot-Hardware-Control/MDP_V1/PeripheralDriver/Inc" -I"D:/Coding/MDP-Group1/MDP_V1/PeripheralDriver/Inc" -I../Middlewares/Third_Party/FreeRTOS/Source/CMSIS_RTOS_V2 -O0 -ffunction-sections -fdata-sections -Wall -u _printf_float -fstack-usage -MMD -MP -MF"Middlewares/Third_Party/FreeRTOS/Source/event_groups.d" -MT"Middlewares/Third_Party/FreeRTOS/Source/event_groups.o" --specs=nano.specs -mfpu=fpv4-sp-d16 -mfloat-abi=hard -mthumb -o "Middlewares/Third_Party/FreeRTOS/Source/event_groups.o"
arm-none-eabi-gcc "../Middlewares/Third_Party/FreeRTOS/Source/list.c" -mcpu=cortex-m4 -std=gnu11 -g3 -DDEBUG -DUSE_HAL_DRIVER -DSTM32F407xx -c -I../Core/Inc -I../Drivers/STM32F4xx_HAL_Driver/Inc -I../Drivers/STM32F4xx_HAL_Driver/Inc/Legacy -I../Drivers/CMSIS/Device/ST/STM32F4xx/Include -I../Drivers/CMSIS/Include -I../Middlewares/Third_Party/FreeRTOS/Source/include -I../Middlewares/Third_Party/FreeRTOS/Source/portable/GCC/ARM_CM4F -I../App/Inc -I"D:/Coding/STM32-Robot-Hardware-Control/MDP_V1/PeripheralDriver/Inc" -I"D:/Coding/MDP-Group1/MDP_V1/PeripheralDriver/Inc" -I../Middlewares/Third_Party/FreeRTOS/Source/CMSIS_RTOS_V2 -O0 -ffunction-sections -fdata-sections -Wall -u _printf_float -fstack-usage -MMD -MP -MF"Middlewares/Third_Party/FreeRTOS/Source/list.d" -MT"Middlewares/Third_Party/FreeRTOS/Source/list.o" --specs=nano.specs -mfpu=fpv4-sp-d16 -mfloat-abi=hard -mthumb -o "Middlewares/Third_Party/FreeRTOS/Source/list.o"
arm-none-eabi-gcc "../Middlewares/Third_Party/FreeRTOS/Source/queue.c" -mcpu=cortex-m4 -std=gnu11 -g3 -DDEBUG -DUSE_HAL_DRIVER -DSTM32F407xx -c -I../Core/Inc -I../Drivers/STM32F4xx_HAL_Driver/Inc -I../Drivers/STM32F4xx_HAL_Driver/Inc/Legacy -I../Drivers/CMSIS/Device/ST/STM32F4xx/Include -I../Drivers/CMSIS/Include -I../Middlewares/Third_Party/FreeRTOS/Source/include -I../Middlewares/Third_Party/FreeRTOS/Source/portable/GCC/ARM_CM4F -I../App/Inc -I"D:/Coding/STM32-Robot-Hardware-Control/MDP_V1/PeripheralDriver/Inc" -I"D:/Coding/MDP-Group1/MDP_V1/PeripheralDriver/Inc" -I../Middlewares/Third_Party/FreeRTOS/Source/CMSIS_RTOS_V2 -O0 -ffunction-sections -fdata-sections -Wall -u _printf_float -fstack-usage -MMD -MP -MF"Middlewares/Third_Party/FreeRTOS/Source/queue.d" -MT"Middlewares/Third_Party/FreeRTOS/Source/queue.o" --specs=nano.specs -mfpu=fpv4-sp-d16 -mfloat-abi=hard -mthumb -o "Middlewares/Third_Party/FreeRTOS/Source/queue.o"
arm-none-eabi-gcc "../Middlewares/Third_Party/FreeRTOS/Source/stream_buffer.c" -mcpu=cortex-m4 -std=gnu11 -g3 -DDEBUG -DUSE_HAL_DRIVER -DSTM32F407xx -c -I../Core/Inc -I../Drivers/STM32F4xx_HAL_Driver/Inc -I../Drivers/STM32F4xx_HAL_Driver/Inc/Legacy -I../Drivers/CMSIS/Device/ST/STM32F4xx/Include -I../Drivers/CMSIS/Include -I../Middlewares/Third_Party/FreeRTOS/Source/include -I../Middlewares/Third_Party/FreeRTOS/Source/portable/GCC/ARM_CM4F -I../App/Inc -I"D:/Coding/STM32-Robot-Hardware-Control/MDP_V1/PeripheralDriver/Inc" -I"D:/Coding/MDP-Group1/MDP_V1/PeripheralDriver/Inc" -I../Middlewares/Third_Party/FreeRTOS/Source/CMSIS_RTOS_V2 -O0 -ffunction-sections -fdata-sections -Wall -u _printf_float -fstack-usage -MMD -MP -MF"Middlewares/Third_Party/FreeRTOS/Source/stream_buffer.d" -MT"Middlewares/Third_Party/FreeRTOS/Source/stream_buffer.o" --specs=nano.specs -mfpu=fpv4-sp-d16 -mfloat-abi=hard -mthumb -o "Middlewares/Third_Party/FreeRTOS/Source/stream_buffer.o"
arm-none-eabi-gcc "../Middlewares/Third_Party/FreeRTOS/Source/tasks.c" -mcpu=cortex-m4 -std=gnu11 -g3 -DDEBUG -DUSE_HAL_DRIVER -DSTM32F407xx -c -I../Core/Inc -I../Drivers/STM32F4xx_HAL_Driver/Inc -I../Drivers/STM32F4xx_HAL_Driver/Inc/Legacy -I../Drivers/CMSIS/Device/ST/STM32F4xx/Include -I../Drivers/CMSIS/Include -I../Middlewares/Third_Party/FreeRTOS/Source/include -I../Middlewares/Third_Party/FreeRTOS/Source/portable/GCC/ARM_CM4F -I../App/Inc -I"D:/Coding/STM32-Robot-Hardware-Control/MDP_V1/PeripheralDriver/Inc" -I"D:/Coding/MDP-Group1/MDP_V1/PeripheralDriver/Inc" -I../Middlewares/Third_Party/FreeRTOS/Source/CMSIS_RTOS_V2 -O0 -ffunction-sections -fdata-sections -Wall -u _printf_float -fstack-usage -MMD -MP -MF"Middlewares/Third_Party/FreeRTOS/Source/tasks.d" -MT"Middlewares/Third_Party/FreeRTOS/Source/tasks.o" --specs=nano.specs -mfpu=fpv4-sp-d16 -mfloat-abi=hard -mthumb -o "Middlewares/Third_Party/FreeRTOS/Source/tasks.o"
arm-none-eabi-gcc "../Middlewares/Third_Party/FreeRTOS/Source/timers.c" -mcpu=cortex-m4 -std=gnu11 -g3 -DDEBUG -DUSE_HAL_DRIVER -DSTM32F407xx -c -I../Core/Inc -I../Drivers/STM32F4xx_HAL_Driver/Inc -I../Drivers/STM32F4xx_HAL_Driver/Inc/Legacy -I../Drivers/CMSIS/Device/ST/STM32F4xx/Include -I../Drivers/CMSIS/Include -I../Middlewares/Third_Party/FreeRTOS/Source/include -I../Middlewares/Third_Party/FreeRTOS/Source/portable/GCC/ARM_CM4F -I../App/Inc -I"D:/Coding/STM32-Robot-Hardware-Control/MDP_V1/PeripheralDriver/Inc" -I"D:/Coding/MDP-Group1/MDP_V1/PeripheralDriver/Inc" -I../Middlewares/Third_Party/FreeRTOS/Source/CMSIS_RTOS_V2 -O0 -ffunction-sections -fdata-sections -Wall -u _printf_float -fstack-usage -MMD -MP -MF"Middlewares/Third_Party/FreeRTOS/Source/timers.d" -MT"Middlewares/Third_Party/FreeRTOS/Source/timers.o" --specs=nano.specs -mfpu=fpv4-sp-d16 -mfloat-abi=hard -mthumb -o "Middlewares/Third_Party/FreeRTOS/Source/timers.o"
arm-none-eabi-gcc "../Drivers/STM32F4xx_HAL_Driver/Src/stm32f4xx_hal.c" -mcpu=cortex-m4 -std=gnu11 -g3 -DDEBUG -DUSE_HAL_DRIVER -DSTM32F407xx -c -I../Core/Inc -I../Drivers/STM32F4xx_HAL_Driver/Inc -I../Drivers/STM32F4xx_HAL_Driver/Inc/Legacy -I../Drivers/CMSIS/Device/ST/STM32F4xx/Include -I../Drivers/CMSIS/Include -I../Middlewares/Third_Party/FreeRTOS/Source/include -I../Middlewares/Third_Party/FreeRTOS/Source/portable/GCC/ARM_CM4F -I../App/Inc -I"D:/Coding/STM32-Robot-Hardware-Control/MDP_V1/PeripheralDriver/Inc" -I"D:/Coding/MDP-Group1/MDP_V1/PeripheralDriver/Inc" -I../Middlewares/Third_Party/FreeRTOS/Source/CMSIS_RTOS_V2 -O0 -ffunction-sections -fdata-sections -Wall -u _printf_float -fstack-usage -MMD -MP -MF"Drivers/STM32F4xx_HAL_Driver/Src/stm32f4xx_hal.d" -MT"Drivers/STM32F4xx_HAL_Driver/Src/stm32f4xx_hal.o" --specs=nano.specs -mfpu=fpv4-sp-d16 -mfloat-abi=hard -mthumb -o "Drivers/STM32F4xx_HAL_Driver/Src/stm32f4xx_hal.o"
arm-none-eabi-gcc "../Drivers/STM32F4xx_HAL_Driver/Src/stm32f4xx_hal_cortex.c" -mcpu=cortex-m4 -std=gnu11 -g3 -DDEBUG -DUSE_HAL_DRIVER -DSTM32F407xx -c -I../Core/Inc -I../Drivers/STM32F4xx_HAL_Driver/Inc -I../Drivers/STM32F4xx_HAL_Driver/Inc/Legacy -I../Drivers/CMSIS/Device/ST/STM32F4xx/Include -I../Drivers/CMSIS/Include -I../Middlewares/Third_Party/FreeRTOS/Source/include -I../Middlewares/Third_Party/FreeRTOS/Source/portable/GCC/ARM_CM4F -I../App/Inc -I"D:/Coding/STM32-Robot-Hardware-Control/MDP_V1/PeripheralDriver/Inc" -I"D:/Coding/MDP-Group1/MDP_V1/PeripheralDriver/Inc" -I../Middlewares/Third_Party/FreeRTOS/Source/CMSIS_RTOS_V2 -O0 -ffunction-sections -fdata-sections -Wall -u _printf_float -fstack-usage -MMD -MP -MF"Drivers/STM32F4xx_HAL_Driver/Src/stm32f4xx_hal_cortex.d" -MT"Drivers/STM32F4xx_HAL_Driver/Src/stm32f4xx_hal_cortex.o" --specs=nano.specs -mfpu=fpv4-sp-d16 -mfloat-abi=hard -mthumb -o "Drivers/STM32F4xx_HAL_Driver/Src/stm32f4xx_hal_cortex.o"
arm-none-eabi-gcc "../Drivers/STM32F4xx_HAL_Driver/Src/stm32f4xx_hal_dma.c" -mcpu=cortex-m4 -std=gnu11 -g3 -DDEBUG -DUSE_HAL_DRIVER -DSTM32F407xx -c -I../Core/Inc -I../Drivers/STM32F4xx_HAL_Driver/Inc -I../Drivers/STM32F4xx_HAL_Driver/Inc/Legacy -I../Drivers/CMSIS/Device/ST/STM32F4xx/Include -I../Drivers/CMSIS/Include -I../Middlewares/Third_Party/FreeRTOS/Source/include -I../Middlewares/Third_Party/FreeRTOS/Source/portable/GCC/ARM_CM4F -I../App/Inc -I"D:/Coding/STM32-Robot-Hardware-Control/MDP_V1/PeripheralDriver/Inc" -I"D:/Coding/MDP-Group1/MDP_V1/PeripheralDriver/Inc" -I../Middlewares/Third_Party/FreeRTOS/Source/CMSIS_RTOS_V2 -O0 -ffunction-sections -fdata-sections -Wall -u _printf_float -fstack-usage -MMD -MP -MF"Drivers/STM32F4xx_HAL_Driver/Src/stm32f4xx_hal_dma.d" -MT"Drivers/STM32F4xx_HAL_Driver/Src/stm32f4xx_hal_dma.o" --specs=nano.specs -mfpu=fpv4-sp-d16 -mfloat-abi=hard -mthumb -o "Drivers/STM32F4xx_HAL_Driver/Src/stm32f4xx_hal_dma.o"
arm-none-eabi-gcc "../Drivers/STM32F4xx_HAL_Driver/Src/stm32f4xx_hal_dma_ex.c" -mcpu=cortex-m4 -std=gnu11 -g3 -DDEBUG -DUSE_HAL_DRIVER -DSTM32F407xx -c -I../Core/Inc -I../Drivers/STM32F4xx_HAL_Driver/Inc -I../Drivers/STM32F4xx_HAL_Driver/Inc/Legacy -I../Drivers/CMSIS/Device/ST/STM32F4xx/Include -I../Drivers/CMSIS/Include -I../Middlewares/Third_Party/FreeRTOS/Source/include -I../Middlewares/Third_Party/FreeRTOS/Source/portable/GCC/ARM_CM4F -I../App/Inc -I"D:/Coding/STM32-Robot-Hardware-Control/MDP_V1/PeripheralDriver/Inc" -I"D:/Coding/MDP-Group1/MDP_V1/PeripheralDriver/Inc" -I../Middlewares/Third_Party/FreeRTOS/Source/CMSIS_RTOS_V2 -O0 -ffunction-sections -fdata-sections -Wall -u _printf_float -fstack-usage -MMD -MP -MF"Drivers/STM32F4xx_HAL_Driver/Src/stm32f4xx_hal_dma_ex.d" -MT"Drivers/STM32F4xx_HAL_Driver/Src/stm32f4xx_hal_dma_ex.o" --specs=nano.specs -mfpu=fpv4-sp-d16 -mfloat-abi=hard -mthumb -o "Drivers/STM32F4xx_HAL_Driver/Src/stm32f4xx_hal_dma_ex.o"
../PeripheralDriver/Src/ICM20948.c: In function 'ICM20948_init':
../PeripheralDriver/Src/ICM20948.c:113:20: warning: variable 'status' set but not used [-Wunused-but-set-variable]
  113 |  HAL_StatusTypeDef status = HAL_OK;
      |                    ^~~~~~
../PeripheralDriver/Src/ICM20948.c: In function 'ICM20948_readTemperature':
../PeripheralDriver/Src/ICM20948.c:273:21: warning: variable 'status' set but not used [-Wunused-but-set-variable]
  273 |   HAL_StatusTypeDef status = HAL_OK;
      |                     ^~~~~~
../PeripheralDriver/Src/ICM20948.c: In function 'ICM20948_readMagnetometer_allAxises':
../PeripheralDriver/Src/ICM20948.c:314:20: warning: variable 'status' set but not used [-Wunused-but-set-variable]
  314 |  HAL_StatusTypeDef status = HAL_OK;
      |                    ^~~~~~
arm-none-eabi-gcc "../Drivers/STM32F4xx_HAL_Driver/Src/stm32f4xx_hal_exti.c" -mcpu=cortex-m4 -std=gnu11 -g3 -DDEBUG -DUSE_HAL_DRIVER -DSTM32F407xx -c -I../Core/Inc -I../Drivers/STM32F4xx_HAL_Driver/Inc -I../Drivers/STM32F4xx_HAL_Driver/Inc/Legacy -I../Drivers/CMSIS/Device/ST/STM32F4xx/Include -I../Drivers/CMSIS/Include -I../Middlewares/Third_Party/FreeRTOS/Source/include -I../Middlewares/Third_Party/FreeRTOS/Source/portable/GCC/ARM_CM4F -I../App/Inc -I"D:/Coding/STM32-Robot-Hardware-Control/MDP_V1/PeripheralDriver/Inc" -I"D:/Coding/MDP-Group1/MDP_V1/PeripheralDriver/Inc" -I../Middlewares/Third_Party/FreeRTOS/Source/CMSIS_RTOS_V2 -O0 -ffunction-sections -fdata-sections -Wall -u _printf_float -fstack-usage -MMD -MP -MF"Drivers/STM32F4xx_HAL_Driver/Src/stm32f4xx_hal_exti.d" -MT"Drivers/STM32F4xx_HAL_Driver/Src/stm32f4xx_hal_exti.o" --specs=nano.specs -mfpu=fpv4-sp-d16 -mfloat-abi=hard -mthumb -o "Drivers/STM32F4xx_HAL_Driver/Src/stm32f4xx_hal_exti.o"
arm-none-eabi-gcc "../Drivers/STM32F4xx_HAL_Driver/Src/stm32f4xx_hal_flash.c" -mcpu=cortex-m4 -std=gnu11 -g3 -DDEBUG -DUSE_HAL_DRIVER -DSTM32F407xx -c -I../Core/Inc -I../Drivers/STM32F4xx_HAL_Driver/Inc -I../Drivers/STM32F4xx_HAL_Driver/Inc/Legacy -I../Drivers/CMSIS/Device/ST/STM32F4xx/Include -I../Drivers/CMSIS/Include -I../Middlewares/Third_Party/FreeRTOS/Source/include -I../Middlewares/Third_Party/FreeRTOS/Source/portable/GCC/ARM_CM4F -I../App/Inc -I"D:/Coding/STM32-Robot-Hardware-Control/MDP_V1/PeripheralDriver/Inc" -I"D:/Coding/MDP-Group1/MDP_V1/PeripheralDriver/Inc" -I../Middlewares/Third_Party/FreeRTOS/Source/CMSIS_RTOS_V2 -O0 -ffunction-sections -fdata-sections -Wall -u _printf_float -fstack-usage -MMD -MP -MF"Drivers/STM32F4xx_HAL_Driver/Src/stm32f4xx_hal_flash.d" -MT"Drivers/STM32F4xx_HAL_Driver/Src/stm32f4xx_hal_flash.o" --specs=nano.specs -mfpu=fpv4-sp-d16 -mfloat-abi=hard -mthumb -o "Drivers/STM32F4xx_HAL_Driver/Src/stm32f4xx_hal_flash.o"
arm-none-eabi-gcc "../Drivers/STM32F4xx_HAL_Driver/Src/stm32f4xx_hal_flash_ex.c" -mcpu=cortex-m4 -std=gnu11 -g3 -DDEBUG -DUSE_HAL_DRIVER -DSTM32F407xx -c -I../Core/Inc -I../Drivers/STM32F4xx_HAL_Driver/Inc -I../Drivers/STM32F4xx_HAL_Driver/Inc/Legacy -I../Drivers/CMSIS/Device/ST/STM32F4xx/Include -I../Drivers/CMSIS/Include -I../Middlewares/Third_Party/FreeRTOS/Source/include -I../Middlewares/Third_Party/FreeRTOS/Source/portable/GCC/ARM_CM4F -I../App/Inc -I"D:/Coding/STM32-Robot-Hardware-Control/MDP_V1/PeripheralDriver/Inc" -I"D:/Coding/MDP-Group1/MDP_V1/PeripheralDriver/Inc" -I../Middlewares/Third_Party/FreeRTOS/Source/CMSIS_RTOS_V2 -O0 -ffunction-sections -fdata-sections -Wall -u _printf_float -fstack-usage -MMD -MP -MF"Drivers/STM32F4xx_HAL_Driver/Src/stm32f4xx_hal_flash_ex.d" -MT"Drivers/STM32F4xx_HAL_Driver/Src/stm32f4xx_hal_flash_ex.o" --specs=nano.specs -mfpu=fpv4-sp-d16 -mfloat-abi=hard -mthumb -o "Drivers/STM32F4xx_HAL_Driver/Src/stm32f4xx_hal_flash_ex.o"
arm-none-eabi-gcc "../Drivers/STM32F4xx_HAL_Driver/Src/stm32f4xx_hal_flash_ramfunc.c" -mcpu=cortex-m4 -std=gnu11 -g3 -DDEBUG -DUSE_HAL_DRIVER -DSTM32F407xx -c -I../Core/Inc -I../Drivers/STM32F4xx_HAL_Driver/Inc -I../Drivers/STM32F4xx_HAL_Driver/Inc/Legacy -I../Drivers/CMSIS/Device/ST/STM32F4xx/Include -I../Drivers/CMSIS/Include -I../Middlewares/Third_Party/FreeRTOS/Source/include -I../Middlewares/Third_Party/FreeRTOS/Source/portable/GCC/ARM_CM4F -I../App/Inc -I"D:/Coding/STM32-Robot-Hardware-Control/MDP_V1/PeripheralDriver/Inc" -I"D:/Coding/MDP-Group1/MDP_V1/PeripheralDriver/Inc" -I../Middlewares/Third_Party/FreeRTOS/Source/CMSIS_RTOS_V2 -O0 -ffunction-sections -fdata-sections -Wall -u _printf_float -fstack-usage -MMD -MP -MF"Drivers/STM32F4xx_HAL_Driver/Src/stm32f4xx_hal_flash_ramfunc.d" -MT"Drivers/STM32F4xx_HAL_Driver/Src/stm32f4xx_hal_flash_ramfunc.o" --specs=nano.specs -mfpu=fpv4-sp-d16 -mfloat-abi=hard -mthumb -o "Drivers/STM32F4xx_HAL_Driver/Src/stm32f4xx_hal_flash_ramfunc.o"
arm-none-eabi-gcc "../Drivers/STM32F4xx_HAL_Driver/Src/stm32f4xx_hal_gpio.c" -mcpu=cortex-m4 -std=gnu11 -g3 -DDEBUG -DUSE_HAL_DRIVER -DSTM32F407xx -c -I../Core/Inc -I../Drivers/STM32F4xx_HAL_Driver/Inc -I../Drivers/STM32F4xx_HAL_Driver/Inc/Legacy -I../Drivers/CMSIS/Device/ST/STM32F4xx/Include -I../Drivers/CMSIS/Include -I../Middlewares/Third_Party/FreeRTOS/Source/include -I../Middlewares/Third_Party/FreeRTOS/Source/portable/GCC/ARM_CM4F -I../App/Inc -I"D:/Coding/STM32-Robot-Hardware-Control/MDP_V1/PeripheralDriver/Inc" -I"D:/Coding/MDP-Group1/MDP_V1/PeripheralDriver/Inc" -I../Middlewares/Third_Party/FreeRTOS/Source/CMSIS_RTOS_V2 -O0 -ffunction-sections -fdata-sections -Wall -u _printf_float -fstack-usage -MMD -MP -MF"Drivers/STM32F4xx_HAL_Driver/Src/stm32f4xx_hal_gpio.d" -MT"Drivers/STM32F4xx_HAL_Driver/Src/stm32f4xx_hal_gpio.o" --specs=nano.specs -mfpu=fpv4-sp-d16 -mfloat-abi=hard -mthumb -o "Drivers/STM32F4xx_HAL_Driver/Src/stm32f4xx_hal_gpio.o"
arm-none-eabi-gcc "../Drivers/STM32F4xx_HAL_Driver/Src/stm32f4xx_hal_i2c.c" -mcpu=cortex-m4 -std=gnu11 -g3 -DDEBUG -DUSE_HAL_DRIVER -DSTM32F407xx -c -I../Core/Inc -I../Drivers/STM32F4xx_HAL_Driver/Inc -I../Drivers/STM32F4xx_HAL_Driver/Inc/Legacy -I../Drivers/CMSIS/Device/ST/STM32F4xx/Include -I../Drivers/CMSIS/Include -I../Middlewares/Third_Party/FreeRTOS/Source/include -I../Middlewares/Third_Party/FreeRTOS/Source/portable/GCC/ARM_CM4F -I../App/Inc -I"D:/Coding/STM32-Robot-Hardware-Control/MDP_V1/PeripheralDriver/Inc" -I"D:/Coding/MDP-Group1/MDP_V1/PeripheralDriver/Inc" -I../Middlewares/Third_Party/FreeRTOS/Source/CMSIS_RTOS_V2 -O0 -ffunction-sections -fdata-sections -Wall -u _printf_float -fstack-usage -MMD -MP -MF"Drivers/STM32F4xx_HAL_Driver/Src/stm32f4xx_hal_i2c.d" -MT"Drivers/STM32F4xx_HAL_Driver/Src/stm32f4xx_hal_i2c.o" --specs=nano.specs -mfpu=fpv4-sp-d16 -mfloat-abi=hard -mthumb -o "Drivers/STM32F4xx_HAL_Driver/Src/stm32f4xx_hal_i2c.o"
arm-none-eabi-gcc "../Drivers/STM32F4xx_HAL_Driver/Src/stm32f4xx_hal_i2c_ex.c" -mcpu=cortex-m4 -std=gnu11 -g3 -DDEBUG -DUSE_HAL_DRIVER -DSTM32F407xx -c -I../Core/Inc -I../Drivers/STM32F4xx_HAL_Driver/Inc -I../Drivers/STM32F4xx_HAL_Driver/Inc/Legacy -I../Drivers/CMSIS/Device/ST/STM32F4xx/Include -I../Drivers/CMSIS/Include -I../Middlewares/Third_Party/FreeRTOS/Source/include -I../Middlewares/Third_Party/FreeRTOS/Source/portable/GCC/ARM_CM4F -I../App/Inc -I"D:/Coding/STM32-Robot-Hardware-Control/MDP_V1/PeripheralDriver/Inc" -I"D:/Coding/MDP-Group1/MDP_V1/PeripheralDriver/Inc" -I../Middlewares/Third_Party/FreeRTOS/Source/CMSIS_RTOS_V2 -O0 -ffunction-sections -fdata-sections -Wall -u _printf_float -fstack-usage -MMD -MP -MF"Drivers/STM32F4xx_HAL_Driver/Src/stm32f4xx_hal_i2c_ex.d" -MT"Drivers/STM32F4xx_HAL_Driver/Src/stm32f4xx_hal_i2c_ex.o" --specs=nano.specs -mfpu=fpv4-sp-d16 -mfloat-abi=hard -mthumb -o "Drivers/STM32F4xx_HAL_Driver/Src/stm32f4xx_hal_i2c_ex.o"
arm-none-eabi-gcc "../Drivers/STM32F4xx_HAL_Driver/Src/stm32f4xx_hal_pwr.c" -mcpu=cortex-m4 -std=gnu11 -g3 -DDEBUG -DUSE_HAL_DRIVER -DSTM32F407xx -c -I../Core/Inc -I../Drivers/STM32F4xx_HAL_Driver/Inc -I../Drivers/STM32F4xx_HAL_Driver/Inc/Legacy -I../Drivers/CMSIS/Device/ST/STM32F4xx/Include -I../Drivers/CMSIS/Include -I../Middlewares/Third_Party/FreeRTOS/Source/include -I../Middlewares/Third_Party/FreeRTOS/Source/portable/GCC/ARM_CM4F -I../App/Inc -I"D:/Coding/STM32-Robot-Hardware-Control/MDP_V1/PeripheralDriver/Inc" -I"D:/Coding/MDP-Group1/MDP_V1/PeripheralDriver/Inc" -I../Middlewares/Third_Party/FreeRTOS/Source/CMSIS_RTOS_V2 -O0 -ffunction-sections -fdata-sections -Wall -u _printf_float -fstack-usage -MMD -MP -MF"Drivers/STM32F4xx_HAL_Driver/Src/stm32f4xx_hal_pwr.d" -MT"Drivers/STM32F4xx_HAL_Driver/Src/stm32f4xx_hal_pwr.o" --specs=nano.specs -mfpu=fpv4-sp-d16 -mfloat-abi=hard -mthumb -o "Drivers/STM32F4xx_HAL_Driver/Src/stm32f4xx_hal_pwr.o"
arm-none-eabi-gcc "../Drivers/STM32F4xx_HAL_Driver/Src/stm32f4xx_hal_pwr_ex.c" -mcpu=cortex-m4 -std=gnu11 -g3 -DDEBUG -DUSE_HAL_DRIVER -DSTM32F407xx -c -I../Core/Inc -I../Drivers/STM32F4xx_HAL_Driver/Inc -I../Drivers/STM32F4xx_HAL_Driver/Inc/Legacy -I../Drivers/CMSIS/Device/ST/STM32F4xx/Include -I../Drivers/CMSIS/Include -I../Middlewares/Third_Party/FreeRTOS/Source/include -I../Middlewares/Third_Party/FreeRTOS/Source/portable/GCC/ARM_CM4F -I../App/Inc -I"D:/Coding/STM32-Robot-Hardware-Control/MDP_V1/PeripheralDriver/Inc" -I"D:/Coding/MDP-Group1/MDP_V1/PeripheralDriver/Inc" -I../Middlewares/Third_Party/FreeRTOS/Source/CMSIS_RTOS_V2 -O0 -ffunction-sections -fdata-sections -Wall -u _printf_float -fstack-usage -MMD -MP -MF"Drivers/STM32F4xx_HAL_Driver/Src/stm32f4xx_hal_pwr_ex.d" -MT"Drivers/STM32F4xx_HAL_Driver/Src/stm32f4xx_hal_pwr_ex.o" --specs=nano.specs -mfpu=fpv4-sp-d16 -mfloat-abi=hard -mthumb -o "Drivers/STM32F4xx_HAL_Driver/Src/stm32f4xx_hal_pwr_ex.o"
arm-none-eabi-gcc "../Drivers/STM32F4xx_HAL_Driver/Src/stm32f4xx_hal_rcc.c" -mcpu=cortex-m4 -std=gnu11 -g3 -DDEBUG -DUSE_HAL_DRIVER -DSTM32F407xx -c -I../Core/Inc -I../Drivers/STM32F4xx_HAL_Driver/Inc -I../Drivers/STM32F4xx_HAL_Driver/Inc/Legacy -I../Drivers/CMSIS/Device/ST/STM32F4xx/Include -I../Drivers/CMSIS/Include -I../Middlewares/Third_Party/FreeRTOS/Source/include -I../Middlewares/Third_Party/FreeRTOS/Source/portable/GCC/ARM_CM4F -I../App/Inc -I"D:/Coding/STM32-Robot-Hardware-Control/MDP_V1/PeripheralDriver/Inc" -I"D:/Coding/MDP-Group1/MDP_V1/PeripheralDriver/Inc" -I../Middlewares/Third_Party/FreeRTOS/Source/CMSIS_RTOS_V2 -O0 -ffunction-sections -fdata-sections -Wall -u _printf_float -fstack-usage -MMD -MP -MF"Drivers/STM32F4xx_HAL_Driver/Src/stm32f4xx_hal_rcc.d" -MT"Drivers/STM32F4xx_HAL_Driver/Src/stm32f4xx_hal_rcc.o" --specs=nano.specs -mfpu=fpv4-sp-d16 -mfloat-abi=hard -mthumb -o "Drivers/STM32F4xx_HAL_Driver/Src/stm32f4xx_hal_rcc.o"
arm-none-eabi-gcc "../Drivers/STM32F4xx_HAL_Driver/Src/stm32f4xx_hal_rcc_ex.c" -mcpu=cortex-m4 -std=gnu11 -g3 -DDEBUG -DUSE_HAL_DRIVER -DSTM32F407xx -c -I../Core/Inc -I../Drivers/STM32F4xx_HAL_Driver/Inc -I../Drivers/STM32F4xx_HAL_Driver/Inc/Legacy -I../Drivers/CMSIS/Device/ST/STM32F4xx/Include -I../Drivers/CMSIS/Include -I../Middlewares/Third_Party/FreeRTOS/Source/include -I../Middlewares/Third_Party/FreeRTOS/Source/portable/GCC/ARM_CM4F -I../App/Inc -I"D:/Coding/STM32-Robot-Hardware-Control/MDP_V1/PeripheralDriver/Inc" -I"D:/Coding/MDP-Group1/MDP_V1/PeripheralDriver/Inc" -I../Middlewares/Third_Party/FreeRTOS/Source/CMSIS_RTOS_V2 -O0 -ffunction-sections -fdata-sections -Wall -u _printf_float -fstack-usage -MMD -MP -MF"Drivers/STM32F4xx_HAL_Driver/Src/stm32f4xx_hal_rcc_ex.d" -MT"Drivers/STM32F4xx_HAL_Driver/Src/stm32f4xx_hal_rcc_ex.o" --specs=nano.specs -mfpu=fpv4-sp-d16 -mfloat-abi=hard -mthumb -o "Drivers/STM32F4xx_HAL_Driver/Src/stm32f4xx_hal_rcc_ex.o"
arm-none-eabi-gcc "../Drivers/STM32F4xx_HAL_Driver/Src/stm32f4xx_hal_tim.c" -mcpu=cortex-m4 -std=gnu11 -g3 -DDEBUG -DUSE_HAL_DRIVER -DSTM32F407xx -c -I../Core/Inc -I../Drivers/STM32F4xx_HAL_Driver/Inc -I../Drivers/STM32F4xx_HAL_Driver/Inc/Legacy -I../Drivers/CMSIS/Device/ST/STM32F4xx/Include -I../Drivers/CMSIS/Include -I../Middlewares/Third_Party/FreeRTOS/Source/include -I../Middlewares/Third_Party/FreeRTOS/Source/portable/GCC/ARM_CM4F -I../App/Inc -I"D:/Coding/STM32-Robot-Hardware-Control/MDP_V1/PeripheralDriver/Inc" -I"D:/Coding/MDP-Group1/MDP_V1/PeripheralDriver/Inc" -I../Middlewares/Third_Party/FreeRTOS/Source/CMSIS_RTOS_V2 -O0 -ffunction-sections -fdata-sections -Wall -u _printf_float -fstack-usage -MMD -MP -MF"Drivers/STM32F4xx_HAL_Driver/Src/stm32f4xx_hal_tim.d" -MT"Drivers/STM32F4xx_HAL_Driver/Src/stm32f4xx_hal_tim.o" --specs=nano.specs -mfpu=fpv4-sp-d16 -mfloat-abi=hard -mthumb -o "Drivers/STM32F4xx_HAL_Driver/Src/stm32f4xx_hal_tim.o"
arm-none-eabi-gcc "../Drivers/STM32F4xx_HAL_Driver/Src/stm32f4xx_hal_tim_ex.c" -mcpu=cortex-m4 -std=gnu11 -g3 -DDEBUG -DUSE_HAL_DRIVER -DSTM32F407xx -c -I../Core/Inc -I../Drivers/STM32F4xx_HAL_Driver/Inc -I../Drivers/STM32F4xx_HAL_Driver/Inc/Legacy -I../Drivers/CMSIS/Device/ST/STM32F4xx/Include -I../Drivers/CMSIS/Include -I../Middlewares/Third_Party/FreeRTOS/Source/include -I../Middlewares/Third_Party/FreeRTOS/Source/portable/GCC/ARM_CM4F -I../App/Inc -I"D:/Coding/STM32-Robot-Hardware-Control/MDP_V1/PeripheralDriver/Inc" -I"D:/Coding/MDP-Group1/MDP_V1/PeripheralDriver/Inc" -I../Middlewares/Third_Party/FreeRTOS/Source/CMSIS_RTOS_V2 -O0 -ffunction-sections -fdata-sections -Wall -u _printf_float -fstack-usage -MMD -MP -MF"Drivers/STM32F4xx_HAL_Driver/Src/stm32f4xx_hal_tim_ex.d" -MT"Drivers/STM32F4xx_HAL_Driver/Src/stm32f4xx_hal_tim_ex.o" --specs=nano.specs -mfpu=fpv4-sp-d16 -mfloat-abi=hard -mthumb -o "Drivers/STM32F4xx_HAL_Driver/Src/stm32f4xx_hal_tim_ex.o"
arm-none-eabi-gcc "../Drivers/STM32F4xx_HAL_Driver/Src/stm32f4xx_hal_uart.c" -mcpu=cortex-m4 -std=gnu11 -g3 -DDEBUG -DUSE_HAL_DRIVER -DSTM32F407xx -c -I../Core/Inc -I../Drivers/STM32F4xx_HAL_Driver/Inc -I../Drivers/STM32F4xx_HAL_Driver/Inc/Legacy -I../Drivers/CMSIS/Device/ST/STM32F4xx/Include -I../Drivers/CMSIS/Include -I../Middlewares/Third_Party/FreeRTOS/Source/include -I../Middlewares/Third_Party/FreeRTOS/Source/portable/GCC/ARM_CM4F -I../App/Inc -I"D:/Coding/STM32-Robot-Hardware-Control/MDP_V1/PeripheralDriver/Inc" -I"D:/Coding/MDP-Group1/MDP_V1/PeripheralDriver/Inc" -I../Middlewares/Third_Party/FreeRTOS/Source/CMSIS_RTOS_V2 -O0 -ffunction-sections -fdata-sections -Wall -u _printf_float -fstack-usage -MMD -MP -MF"Drivers/STM32F4xx_HAL_Driver/Src/stm32f4xx_hal_uart.d" -MT"Drivers/STM32F4xx_HAL_Driver/Src/stm32f4xx_hal_uart.o" --specs=nano.specs -mfpu=fpv4-sp-d16 -mfloat-abi=hard -mthumb -o "Drivers/STM32F4xx_HAL_Driver/Src/stm32f4xx_hal_uart.o"
arm-none-eabi-gcc -mcpu=cortex-m4 -g3 -DDEBUG -c -x assembler-with-cpp -MMD -MP -MF"Core/Startup/startup_stm32f407vetx.d" -MT"Core/Startup/startup_stm32f407vetx.o" --specs=nano.specs -mfpu=fpv4-sp-d16 -mfloat-abi=hard -mthumb -o "Core/Startup/startup_stm32f407vetx.o" "../Core/Startup/startup_stm32f407vetx.s"
arm-none-eabi-gcc "../Core/Src/freertos.c" -mcpu=cortex-m4 -std=gnu11 -g3 -DDEBUG -DUSE_HAL_DRIVER -DSTM32F407xx -c -I../Core/Inc -I../Drivers/STM32F4xx_HAL_Driver/Inc -I../Drivers/STM32F4xx_HAL_Driver/Inc/Legacy -I../Drivers/CMSIS/Device/ST/STM32F4xx/Include -I../Drivers/CMSIS/Include -I../Middlewares/Third_Party/FreeRTOS/Source/include -I../Middlewares/Third_Party/FreeRTOS/Source/portable/GCC/ARM_CM4F -I../App/Inc -I"D:/Coding/STM32-Robot-Hardware-Control/MDP_V1/PeripheralDriver/Inc" -I"D:/Coding/MDP-Group1/MDP_V1/PeripheralDriver/Inc" -I../Middlewares/Third_Party/FreeRTOS/Source/CMSIS_RTOS_V2 -O0 -ffunction-sections -fdata-sections -Wall -u _printf_float -fstack-usage -MMD -MP -MF"Core/Src/freertos.d" -MT"Core/Src/freertos.o" --specs=nano.specs -mfpu=fpv4-sp-d16 -mfloat-abi=hard -mthumb -o "Core/Src/freertos.o"
arm-none-eabi-gcc "../Core/Src/main.c" -mcpu=cortex-m4 -std=gnu11 -g3 -DDEBUG -DUSE_HAL_DRIVER -DSTM32F407xx -c -I../Core/Inc -I../Drivers/STM32F4xx_HAL_Driver/Inc -I../Drivers/STM32F4xx_HAL_Driver/Inc/Legacy -I../Drivers/CMSIS/Device/ST/STM32F4xx/Include -I../Drivers/CMSIS/Include -I../Middlewares/Third_Party/FreeRTOS/Source/include -I../Middlewares/Third_Party/FreeRTOS/Source/portable/GCC/ARM_CM4F -I../App/Inc -I"D:/Coding/STM32-Robot-Hardware-Control/MDP_V1/PeripheralDriver/Inc" -I"D:/Coding/MDP-Group1/MDP_V1/PeripheralDriver/Inc" -I../Middlewares/Third_Party/FreeRTOS/Source/CMSIS_RTOS_V2 -O0 -ffunction-sections -fdata-sections -Wall -u _printf_float -fstack-usage -MMD -MP -MF"Core/Src/main.d" -MT"Core/Src/main.o" --specs=nano.specs -mfpu=fpv4-sp-d16 -mfloat-abi=hard -mthumb -o "Core/Src/main.o"
arm-none-eabi-gcc "../Core/Src/pid.c" -mcpu=cortex-m4 -std=gnu11 -g3 -DDEBUG -DUSE_HAL_DRIVER -DSTM32F407xx -c -I../Core/Inc -I../Drivers/STM32F4xx_HAL_Driver/Inc -I../Drivers/STM32F4xx_HAL_Driver/Inc/Legacy -I../Drivers/CMSIS/Device/ST/STM32F4xx/Include -I../Drivers/CMSIS/Include -I../Middlewares/Third_Party/FreeRTOS/Source/include -I../Middlewares/Third_Party/FreeRTOS/Source/portable/GCC/ARM_CM4F -I../App/Inc -I"D:/Coding/STM32-Robot-Hardware-Control/MDP_V1/PeripheralDriver/Inc" -I"D:/Coding/MDP-Group1/MDP_V1/PeripheralDriver/Inc" -I../Middlewares/Third_Party/FreeRTOS/Source/CMSIS_RTOS_V2 -O0 -ffunction-sections -fdata-sections -Wall -u _printf_float -fstack-usage -MMD -MP -MF"Core/Src/pid.d" -MT"Core/Src/pid.o" --specs=nano.specs -mfpu=fpv4-sp-d16 -mfloat-abi=hard -mthumb -o "Core/Src/pid.o"
arm-none-eabi-gcc "../Core/Src/stm32f4xx_hal_msp.c" -mcpu=cortex-m4 -std=gnu11 -g3 -DDEBUG -DUSE_HAL_DRIVER -DSTM32F407xx -c -I../Core/Inc -I../Drivers/STM32F4xx_HAL_Driver/Inc -I../Drivers/STM32F4xx_HAL_Driver/Inc/Legacy -I../Drivers/CMSIS/Device/ST/STM32F4xx/Include -I../Drivers/CMSIS/Include -I../Middlewares/Third_Party/FreeRTOS/Source/include -I../Middlewares/Third_Party/FreeRTOS/Source/portable/GCC/ARM_CM4F -I../App/Inc -I"D:/Coding/STM32-Robot-Hardware-Control/MDP_V1/PeripheralDriver/Inc" -I"D:/Coding/MDP-Group1/MDP_V1/PeripheralDriver/Inc" -I../Middlewares/Third_Party/FreeRTOS/Source/CMSIS_RTOS_V2 -O0 -ffunction-sections -fdata-sections -Wall -u _printf_float -fstack-usage -MMD -MP -MF"Core/Src/stm32f4xx_hal_msp.d" -MT"Core/Src/stm32f4xx_hal_msp.o" --specs=nano.specs -mfpu=fpv4-sp-d16 -mfloat-abi=hard -mthumb -o "Core/Src/stm32f4xx_hal_msp.o"
arm-none-eabi-gcc "../Core/Src/stm32f4xx_hal_timebase_tim.c" -mcpu=cortex-m4 -std=gnu11 -g3 -DDEBUG -DUSE_HAL_DRIVER -DSTM32F407xx -c -I../Core/Inc -I../Drivers/STM32F4xx_HAL_Driver/Inc -I../Drivers/STM32F4xx_HAL_Driver/Inc/Legacy -I../Drivers/CMSIS/Device/ST/STM32F4xx/Include -I../Drivers/CMSIS/Include -I../Middlewares/Third_Party/FreeRTOS/Source/include -I../Middlewares/Third_Party/FreeRTOS/Source/portable/GCC/ARM_CM4F -I../App/Inc -I"D:/Coding/STM32-Robot-Hardware-Control/MDP_V1/PeripheralDriver/Inc" -I"D:/Coding/MDP-Group1/MDP_V1/PeripheralDriver/Inc" -I../Middlewares/Third_Party/FreeRTOS/Source/CMSIS_RTOS_V2 -O0 -ffunction-sections -fdata-sections -Wall -u _printf_float -fstack-usage -MMD -MP -MF"Core/Src/stm32f4xx_hal_timebase_tim.d" -MT"Core/Src/stm32f4xx_hal_timebase_tim.o" --specs=nano.specs -mfpu=fpv4-sp-d16 -mfloat-abi=hard -mthumb -o "Core/Src/stm32f4xx_hal_timebase_tim.o"
arm-none-eabi-gcc "../Core/Src/stm32f4xx_it.c" -mcpu=cortex-m4 -std=gnu11 -g3 -DDEBUG -DUSE_HAL_DRIVER -DSTM32F407xx -c -I../Core/Inc -I../Drivers/STM32F4xx_HAL_Driver/Inc -I../Drivers/STM32F4xx_HAL_Driver/Inc/Legacy -I../Drivers/CMSIS/Device/ST/STM32F4xx/Include -I../Drivers/CMSIS/Include -I../Middlewares/Third_Party/FreeRTOS/Source/include -I../Middlewares/Third_Party/FreeRTOS/Source/portable/GCC/ARM_CM4F -I../App/Inc -I"D:/Coding/STM32-Robot-Hardware-Control/MDP_V1/PeripheralDriver/Inc" -I"D:/Coding/MDP-Group1/MDP_V1/PeripheralDriver/Inc" -I../Middlewares/Third_Party/FreeRTOS/Source/CMSIS_RTOS_V2 -O0 -ffunction-sections -fdata-sections -Wall -u _printf_float -fstack-usage -MMD -MP -MF"Core/Src/stm32f4xx_it.d" -MT"Core/Src/stm32f4xx_it.o" --specs=nano.specs -mfpu=fpv4-sp-d16 -mfloat-abi=hard -mthumb -o "Core/Src/stm32f4xx_it.o"
arm-none-eabi-gcc "../Core/Src/syscalls.c" -mcpu=cortex-m4 -std=gnu11 -g3 -DDEBUG -DUSE_HAL_DRIVER -DSTM32F407xx -c -I../Core/Inc -I../Drivers/STM32F4xx_HAL_Driver/Inc -I../Drivers/STM32F4xx_HAL_Driver/Inc/Legacy -I../Drivers/CMSIS/Device/ST/STM32F4xx/Include -I../Drivers/CMSIS/Include -I../Middlewares/Third_Party/FreeRTOS/Source/include -I../Middlewares/Third_Party/FreeRTOS/Source/portable/GCC/ARM_CM4F -I../App/Inc -I"D:/Coding/STM32-Robot-Hardware-Control/MDP_V1/PeripheralDriver/Inc" -I"D:/Coding/MDP-Group1/MDP_V1/PeripheralDriver/Inc" -I../Middlewares/Third_Party/FreeRTOS/Source/CMSIS_RTOS_V2 -O0 -ffunction-sections -fdata-sections -Wall -u _printf_float -fstack-usage -MMD -MP -MF"Core/Src/syscalls.d" -MT"Core/Src/syscalls.o" --specs=nano.specs -mfpu=fpv4-sp-d16 -mfloat-abi=hard -mthumb -o "Core/Src/syscalls.o"
arm-none-eabi-gcc "../Core/Src/sysmem.c" -mcpu=cortex-m4 -std=gnu11 -g3 -DDEBUG -DUSE_HAL_DRIVER -DSTM32F407xx -c -I../Core/Inc -I../Drivers/STM32F4xx_HAL_Driver/Inc -I../Drivers/STM32F4xx_HAL_Driver/Inc/Legacy -I../Drivers/CMSIS/Device/ST/STM32F4xx/Include -I../Drivers/CMSIS/Include -I../Middlewares/Third_Party/FreeRTOS/Source/include -I../Middlewares/Third_Party/FreeRTOS/Source/portable/GCC/ARM_CM4F -I../App/Inc -I"D:/Coding/STM32-Robot-Hardware-Control/MDP_V1/PeripheralDriver/Inc" -I"D:/Coding/MDP-Group1/MDP_V1/PeripheralDriver/Inc" -I../Middlewares/Third_Party/FreeRTOS/Source/CMSIS_RTOS_V2 -O0 -ffunction-sections -fdata-sections -Wall -u _printf_float -fstack-usage -MMD -MP -MF"Core/Src/sysmem.d" -MT"Core/Src/sysmem.o" --specs=nano.specs -mfpu=fpv4-sp-d16 -mfloat-abi=hard -mthumb -o "Core/Src/sysmem.o"
arm-none-eabi-gcc "../Core/Src/system_stm32f4xx.c" -mcpu=cortex-m4 -std=gnu11 -g3 -DDEBUG -DUSE_HAL_DRIVER -DSTM32F407xx -c -I../Core/Inc -I../Drivers/STM32F4xx_HAL_Driver/Inc -I../Drivers/STM32F4xx_HAL_Driver/Inc/Legacy -I../Drivers/CMSIS/Device/ST/STM32F4xx/Include -I../Drivers/CMSIS/Include -I../Middlewares/Third_Party/FreeRTOS/Source/include -I../Middlewares/Third_Party/FreeRTOS/Source/portable/GCC/ARM_CM4F -I../App/Inc -I"D:/Coding/STM32-Robot-Hardware-Control/MDP_V1/PeripheralDriver/Inc" -I"D:/Coding/MDP-Group1/MDP_V1/PeripheralDriver/Inc" -I../Middlewares/Third_Party/FreeRTOS/Source/CMSIS_RTOS_V2 -O0 -ffunction-sections -fdata-sections -Wall -u _printf_float -fstack-usage -MMD -MP -MF"Core/Src/system_stm32f4xx.d" -MT"Core/Src/system_stm32f4xx.o" --specs=nano.specs -mfpu=fpv4-sp-d16 -mfloat-abi=hard -mthumb -o "Core/Src/system_stm32f4xx.o"
../Core/Src/main.c: In function 'HAL_UART_RxCpltCallback':
../Core/Src/main.c:764:11: warning: pointer targets in passing argument 1 of 'sprintf' differ in signedness [-Wpointer-sign]
  764 |   sprintf(message1, "cmd:%c,%d", directionCmd, data);
      |           ^~~~~~~~
      |           |
      |           uint8_t * {aka unsigned char *}
In file included from D:/Coding/STM32-Robot-Hardware-Control/MDP_V1/PeripheralDriver/Inc/ICM20948.h:4,
                 from ../Core/Src/main.c:28:
c:\st\stm32cubeide_1.11.0\stm32cubeide\plugins\com.st.stm32cube.ide.mcu.externaltools.gnu-tools-for-stm32.10.3-2021.10.win32_1.0.100.202210260954\tools\arm-none-eabi\include\stdio.h:244:14: note: expected 'char * restrict' but argument is of type 'uint8_t *' {aka 'unsigned char *'}
  244 | int sprintf (char *__restrict, const char *__restrict, ...)
      |              ^
../Core/Src/main.c:764:30: warning: format '%d' expects argument of type 'int', but argument 4 has type 'uint32_t' {aka 'long unsigned int'} [-Wformat=]
  764 |   sprintf(message1, "cmd:%c,%d", directionCmd, data);
      |                             ~^                 ~~~~
      |                              |                 |
      |                              int               uint32_t {aka long unsigned int}
      |                             %ld
../Core/Src/main.c:789:15: warning: unused variable 'status' [-Wunused-variable]
  789 |    osStatus_t status = osMessageQueuePut(chassisCommandQueueHandle,
      |               ^~~~~~
../Core/Src/main.c: In function 'chassisTask':
../Core/Src/main.c:1011:12: warning: pointer targets in passing argument 1 of 'sprintf' differ in signedness [-Wpointer-sign]
 1011 |    sprintf(message1, "ACK: %d", current_cmd);
      |            ^~~~~~~~
      |            |
      |            uint8_t * {aka unsigned char *}
In file included from D:/Coding/STM32-Robot-Hardware-Control/MDP_V1/PeripheralDriver/Inc/ICM20948.h:4,
                 from ../Core/Src/main.c:28:
c:\st\stm32cubeide_1.11.0\stm32cubeide\plugins\com.st.stm32cube.ide.mcu.externaltools.gnu-tools-for-stm32.10.3-2021.10.win32_1.0.100.202210260954\tools\arm-none-eabi\include\stdio.h:244:14: note: expected 'char * restrict' but argument is of type 'uint8_t *' {aka 'unsigned char *'}
  244 | int sprintf (char *__restrict, const char *__restrict, ...)
      |              ^
../Core/Src/main.c:1011:29: warning: format '%d' expects argument of type 'int', but argument 3 has type 'uint32_t' {aka 'long unsigned int'} [-Wformat=]
 1011 |    sprintf(message1, "ACK: %d", current_cmd);
      |                            ~^   ~~~~~~~~~~~
      |                             |   |
      |                             int uint32_t {aka long unsigned int}
      |                            %ld
../Core/Src/main.c:1019:12: warning: pointer targets in passing argument 1 of 'sprintf' differ in signedness [-Wpointer-sign]
 1019 |    sprintf(message1, "dis: %d", distanceCmdBuffer);
      |            ^~~~~~~~
      |            |
      |            uint8_t * {aka unsigned char *}
In file included from D:/Coding/STM32-Robot-Hardware-Control/MDP_V1/PeripheralDriver/Inc/ICM20948.h:4,
                 from ../Core/Src/main.c:28:
c:\st\stm32cubeide_1.11.0\stm32cubeide\plugins\com.st.stm32cube.ide.mcu.externaltools.gnu-tools-for-stm32.10.3-2021.10.win32_1.0.100.202210260954\tools\arm-none-eabi\include\stdio.h:244:14: note: expected 'char * restrict' but argument is of type 'uint8_t *' {aka 'unsigned char *'}
  244 | int sprintf (char *__restrict, const char *__restrict, ...)
      |              ^
arm-none-eabi-gcc -o "MDP_V1.elf" @"objects.list"   -mcpu=cortex-m4 -T"D:\Coding\STM32-Robot-Hardware-Control\MDP_V1\STM32F407VETX_FLASH.ld" --specs=nosys.specs -Wl,-Map="MDP_V1.map" -Wl,--gc-sections -static -u _printf_float --specs=nano.specs -mfpu=fpv4-sp-d16 -mfloat-abi=hard -mthumb -Wl,--start-group -lc -lm -Wl,--end-group
Finished building target: MDP_V1.elf
 
arm-none-eabi-size   MDP_V1.elf 
arm-none-eabi-objdump -h -S  MDP_V1.elf  > "MDP_V1.list"
   text	   data	    bss	    dec	    hex	filename
  60464	    524	  22568	  83556	  14664	MDP_V1.elf
arm-none-eabi-objcopy  -O ihex  MDP_V1.elf  "MDP_V1.hex"
Finished building: default.size.stdout
 
Finished building: MDP_V1.hex
 
Finished building: MDP_V1.list
 
15:23:00 **** Incremental Build of configuration Debug for project IMU ****
make -j16 all 
arm-none-eabi-size   IMU.elf 
   text	   data	    bss	    dec	    hex	filename
  30420	    484	   1796	  32700	   7fbc	IMU.elf
Finished building: default.size.stdout
 
15:23:57 **** Incremental Build of configuration Debug for project IMU ****
make -j16 all 
arm-none-eabi-size   IMU.elf 
   text	   data	    bss	    dec	    hex	filename
  30420	    484	   1796	  32700	   7fbc	IMU.elf
Finished building: default.size.stdout
 
15:24:17 **** Incremental Build of configuration Debug for project MDP_V1 ****
make -j16 all 
arm-none-eabi-size   MDP_V1.elf 
   text	   data	    bss	    dec	    hex	filename
  60464	    524	  22568	  83556	  14664	MDP_V1.elf
Finished building: default.size.stdout
 
15:33:57 **** Build of configuration Debug for project Ultrasonic ****
make -j16 all 
arm-none-eabi-gcc "../Drivers/STM32F4xx_HAL_Driver/Src/stm32f4xx_hal.c" -mcpu=cortex-m4 -std=gnu11 -g3 -DDEBUG -DUSE_HAL_DRIVER -DSTM32F407xx -c -I../Core/Inc -I../Drivers/STM32F4xx_HAL_Driver/Inc -I../Drivers/STM32F4xx_HAL_Driver/Inc/Legacy -I../Drivers/CMSIS/Device/ST/STM32F4xx/Include -I../Drivers/CMSIS/Include -O0 -ffunction-sections -fdata-sections -Wall -fstack-usage -MMD -MP -MF"Drivers/STM32F4xx_HAL_Driver/Src/stm32f4xx_hal.d" -MT"Drivers/STM32F4xx_HAL_Driver/Src/stm32f4xx_hal.o" --specs=nano.specs -mfpu=fpv4-sp-d16 -mfloat-abi=hard -mthumb -o "Drivers/STM32F4xx_HAL_Driver/Src/stm32f4xx_hal.o"
arm-none-eabi-gcc "../Drivers/STM32F4xx_HAL_Driver/Src/stm32f4xx_hal_cortex.c" -mcpu=cortex-m4 -std=gnu11 -g3 -DDEBUG -DUSE_HAL_DRIVER -DSTM32F407xx -c -I../Core/Inc -I../Drivers/STM32F4xx_HAL_Driver/Inc -I../Drivers/STM32F4xx_HAL_Driver/Inc/Legacy -I../Drivers/CMSIS/Device/ST/STM32F4xx/Include -I../Drivers/CMSIS/Include -O0 -ffunction-sections -fdata-sections -Wall -fstack-usage -MMD -MP -MF"Drivers/STM32F4xx_HAL_Driver/Src/stm32f4xx_hal_cortex.d" -MT"Drivers/STM32F4xx_HAL_Driver/Src/stm32f4xx_hal_cortex.o" --specs=nano.specs -mfpu=fpv4-sp-d16 -mfloat-abi=hard -mthumb -o "Drivers/STM32F4xx_HAL_Driver/Src/stm32f4xx_hal_cortex.o"
[...]
../Core/Src/main.c: In function 'HAL_UART_RxCpltCallback':
../Core/Src/main.c:677:11: warning: pointer targets in passing argument 1 of 'sprintf' differ in signedness [-Wpointer-sign]
  677 |   sprintf(message1, "cmd:%c,%d", directionCmd, data);
      |           ^~~~~~~~
      |           |
      |           uint8_t * {aka unsigned char *}
In file included from ../Core/Inc/ICM20948.h:4,
                 from ../Core/Src/main.c:28:
c:\st\stm32cubeide_1.11.0\stm32cubeide\plugins\com.st.stm32cube.ide.mcu.externaltools.gnu-tools-for-stm32.10.3-2021.10.win32_1.0.100.202210260954\tools\arm-none-eabi\include\stdio.h:244:14: note: expected 'char * restrict' but argument is of type 'uint8_t *' {aka 'unsigned char *'}
  244 | int sprintf (char *__restrict, const char *__restrict, ...)
      |              ^
../Core/Src/main.c:677:30: warning: format '%d' expects argument of type 'int', but argument 4 has type 'uint32_t' {aka 'long unsigned int'} [-Wformat=]
  677 |   sprintf(message1, "cmd:%c,%d", directionCmd, data);
      |                             ~^                 ~~~~
      |                              |                 |
      |                              int               uint32_t {aka long unsigned int}
      |                             %ld
../Core/Src/main.c:704:15: warning: unused variable 'status' [-Wunused-variable]
  704 |    osStatus_t status = osMessageQueuePut(chassisCommandQueueHandle,
      |               ^~~~~~
../Core/Src/main.c: In function 'robotTurnPID':
../Core/Src/main.c:870:16: warning: implicit declaration of function 'fabs' [-Wimplicit-function-declaration]
  870 |    angleNow += fabs(gyroZ)
      |                ^~~~
../Core/Src/main.c:870:16: warning: incompatible implicit declaration of built-in function 'fabs'
../Core/Src/main.c:31:1: note: include '<math.h>' or provide a declaration of 'fabs'
   30 | #include "stdlib.h"
  +++ |+#include <math.h>
   31 | /* USER CODE END Includes */
../Core/Src/main.c: In function 'chassisTask':
../Core/Src/main.c:968:12: warning: pointer targets in passing argument 1 of 'sprintf' differ in signedness [-Wpointer-sign]
  968 |    sprintf(message1, "ACK: %d", current_cmd);
      |            ^~~~~~~~
      |            |
      |            uint8_t * {aka unsigned char *}
In file included from ../Core/Inc/ICM20948.h:4,
                 from ../Core/Src/main.c:28:
c:\st\stm32cubeide_1.11.0\stm32cubeide\plugins\com.st.stm32cube.ide.mcu.externaltools.gnu-tools-for-stm32.10.3-2021.10.win32_1.0.100.202210260954\tools\arm-none-eabi\include\stdio.h:244:14: note: expected 'char * restrict' but argument is of type 'uint8_t *' {aka 'unsigned char *'}
  244 | int sprintf (char *__restrict, const char *__restrict, ...)
      |              ^
../Core/Src/main.c:968:29: warning: format '%d' expects argument of type 'int', but argument 3 has type 'uint32_t' {aka 'long unsigned int'} [-Wformat=]
  968 |    sprintf(message1, "ACK: %d", current_cmd);
      |                            ~^   ~~~~~~~~~~~
      |                             |   |
      |                             int uint32_t {aka long unsigned int}
      |                            %ld
../Core/Src/main.c:976:12: warning: pointer targets in passing argument 1 of 'sprintf' differ in signedness [-Wpointer-sign]
  976 |    sprintf(message1, "dis: %d", distanceCmdBuffer);
      |            ^~~~~~~~
      |            |
      |            uint8_t * {aka unsigned char *}
In file included from ../Core/Inc/ICM20948.h:4,
                 from ../Core/Src/main.c:28:
c:\st\stm32cubeide_1.11.0\stm32cubeide\plugins\com.st.stm32cube.ide.mcu.externaltools.gnu-tools-for-stm32.10.3-2021.10.win32_1.0.100.202210260954\tools\arm-none-eabi\include\stdio.h:244:14: note: expected 'char * restrict' but argument is of type 'uint8_t *' {aka 'unsigned char *'}
  244 | int sprintf (char *__restrict, const char *__restrict, ...)
      |              ^
../Core/Src/main.c:945:10: warning: unused variable 'RpiBuffer' [-Wunused-variable]
  945 |  uint8_t RpiBuffer[20] = "COMPLE\r\n";
      |          ^~~~~~~~~
arm-none-eabi-gcc -o "MDP_V1.elf" @"objects.list"   -mcpu=cortex-m4 -T"D:\Coding\STM32-Robot-Hardware-Control\MDP_V1\STM32F407VETX_FLASH.ld" --specs=nosys.specs -Wl,-Map="MDP_V1.map" -Wl,--gc-sections -static -u _printf_float --specs=nano.specs -mfpu=fpv4-sp-d16 -mfloat-abi=hard -mthumb -Wl,--start-group -lc -lm -Wl,--end-group
Finished building target: MDP_V1.elf
 
arm-none-eabi-size   MDP_V1.elf 
arm-none-eabi-objdump -h -S  MDP_V1.elf  > "MDP_V1.list"
   text	   data	    bss	    dec	    hex	filename
  59208	    524	  22496	  82228	  14134	MDP_V1.elf
arm-none-eabi-objcopy  -O ihex  MDP_V1.elf  "MDP_V1.hex"
Finished building: default.size.stdout
 
Finished building: MDP_V1.hex
 
Finished building: MDP_V1.list
 
00:22:50 **** Incremental Build of configuration Debug for project MDP_V1 ****
make -j16 all 
arm-none-eabi-gcc "../Core/Src/main.c" -mcpu=cortex-m4 -std=gnu11 -g3 -DDEBUG -DUSE_HAL_DRIVER -DSTM32F407xx -c -I../Core/Inc -I../Drivers/STM32F4xx_HAL_Driver/Inc -I../Drivers/STM32F4xx_HAL_Driver/Inc/Legacy -I../Drivers/CMSIS/Device/ST/STM32F4xx/Include -I../Drivers/CMSIS/Include -I../Middlewares/Third_Party/FreeRTOS/Source/include -I../Middlewares/Third_Party/FreeRTOS/Source/portable/GCC/ARM_CM4F -I"D:/Coding/STM32-Robot-Hardware-Control/MDP_V1/PeripheralDriver/Inc" -I"D:/Coding/MDP-Group1/MDP_V1/PeripheralDriver/Inc" -I../Middlewares/Third_Party/FreeRTOS/Source/CMSIS_RTOS_V2 -O0 -ffunction-sections -fdata-sections -Wall -u _printf_float -fstack-usage -MMD -MP -MF"Core/Src/main.d" -MT"Core/Src/main.o" --specs=nano.specs -mfpu=fpv4-sp-d16 -mfloat-abi=hard -mthumb -o "Core/Src/main.o"
../Core/Src/main.c: In function 'HAL_UART_RxCpltCallback':
../Core/Src/main.c:677:11: warning: pointer targets in passing argument 1 of 'sprintf' differ in signedness [-Wpointer-sign]
  677 |   sprintf(message1, "cmd:%c,%d", directionCmd, data);
      |           ^~~~~~~~
      |           |
      |           uint8_t * {aka unsigned char *}
In file included from ../Core/Inc/ICM20948.h:4,
                 from ../Core/Src/main.c:28:
c:\st\stm32cubeide_1.11.0\stm32cubeide\plugins\com.st.stm32cube.ide.mcu.externaltools.gnu-tools-for-stm32.10.3-2021.10.win32_1.0.100.202210260954\tools\arm-none-eabi\include\stdio.h:244:14: note: expected 'char * restrict' but argument is of type 'uint8_t *' {aka 'unsigned char *'}
  244 | int sprintf (char *__restrict, const char *__restrict, ...)
      |              ^
../Core/Src/main.c:677:30: warning: format '%d' expects argument of type 'int', but argument 4 has type 'uint32_t' {aka 'long unsigned int'} [-Wformat=]
  677 |   sprintf(message1, "cmd:%c,%d", directionCmd, data);
      |                             ~^                 ~~~~
      |                              |                 |
      |                              int               uint32_t {aka long unsigned int}
      |                             %ld
../Core/Src/main.c:704:15: warning: unused variable 'status' [-Wunused-variable]
  704 |    osStatus_t status = osMessageQueuePut(chassisCommandQueueHandle,
      |               ^~~~~~
../Core/Src/main.c: In function 'robotTurnPID':
../Core/Src/main.c:870:16: warning: implicit declaration of function 'fabs' [-Wimplicit-function-declaration]
  870 |    angleNow += fabs(gyroZ)
      |                ^~~~
../Core/Src/main.c:870:16: warning: incompatible implicit declaration of built-in function 'fabs'
../Core/Src/main.c:31:1: note: include '<math.h>' or provide a declaration of 'fabs'
   30 | #include "stdlib.h"
  +++ |+#include <math.h>
   31 | /* USER CODE END Includes */
../Core/Src/main.c: In function 'chassisTask':
../Core/Src/main.c:968:12: warning: pointer targets in passing argument 1 of 'sprintf' differ in signedness [-Wpointer-sign]
  968 |    sprintf(message1, "ACK: %d", current_cmd);
      |            ^~~~~~~~
      |            |
      |            uint8_t * {aka unsigned char *}
In file included from ../Core/Inc/ICM20948.h:4,
                 from ../Core/Src/main.c:28:
c:\st\stm32cubeide_1.11.0\stm32cubeide\plugins\com.st.stm32cube.ide.mcu.externaltools.gnu-tools-for-stm32.10.3-2021.10.win32_1.0.100.202210260954\tools\arm-none-eabi\include\stdio.h:244:14: note: expected 'char * restrict' but argument is of type 'uint8_t *' {aka 'unsigned char *'}
  244 | int sprintf (char *__restrict, const char *__restrict, ...)
      |              ^
../Core/Src/main.c:968:29: warning: format '%d' expects argument of type 'int', but argument 3 has type 'uint32_t' {aka 'long unsigned int'} [-Wformat=]
  968 |    sprintf(message1, "ACK: %d", current_cmd);
      |                            ~^   ~~~~~~~~~~~
      |                             |   |
      |                             int uint32_t {aka long unsigned int}
      |                            %ld
../Core/Src/main.c:976:12: warning: pointer targets in passing argument 1 of 'sprintf' differ in signedness [-Wpointer-sign]
  976 |    sprintf(message1, "dis: %d", distanceCmdBuffer);
      |            ^~~~~~~~
      |            |
      |            uint8_t * {aka unsigned char *}
In file included from ../Core/Inc/ICM20948.h:4,
                 from ../Core/Src/main.c:28:
c:\st\stm32cubeide_1.11.0\stm32cubeide\plugins\com.st.stm32cube.ide.mcu.externaltools.gnu-tools-for-stm32.10.3-2021.10.win32_1.0.100.202210260954\tools\arm-none-eabi\include\stdio.h:244:14: note: expected 'char * restrict' but argument is of type 'uint8_t *' {aka 'unsigned char *'}
  244 | int sprintf (char *__restrict, const char *__restrict, ...)
      |              ^
../Core/Src/main.c:945:10: warning: unused variable 'RpiBuffer' [-Wunused-variable]
  945 |  uint8_t RpiBuffer[20] = "COMPLE\r\n";
      |          ^~~~~~~~~
arm-none-eabi-gcc -o "MDP_V1.elf" @"objects.list"   -mcpu=cortex-m4 -T"D:\Coding\STM32-Robot-Hardware-Control\MDP_V1\STM32F407VETX_FLASH.ld" --specs=nosys.specs -Wl,-Map="MDP_V1.map" -Wl,--gc-sections -static -u _printf_float --specs=nano.specs -mfpu=fpv4-sp-d16 -mfloat-abi=hard -mthumb -Wl,--start-group -lc -lm -Wl,--end-group
Finished building target: MDP_V1.elf
 
arm-none-eabi-size   MDP_V1.elf 
arm-none-eabi-objdump -h -S  MDP_V1.elf  > "MDP_V1.list"
   text	   data	    bss	    dec	    hex	filename
  59208	    524	  22496	  82228	  14134	MDP_V1.elf
arm-none-eabi-objcopy  -O ihex  MDP_V1.elf  "MDP_V1.hex"
Finished building: default.size.stdout
 
Finished building: MDP_V1.hex
 
Finished building: MDP_V1.list
 
00:57:22 **** Incremental Build of configuration Debug for project IMU ****
make -j16 all 
arm-none-eabi-size   IMU.elf 
   text	   data	    bss	    dec	    hex	filename
  30420	    484	   1796	  32700	   7fbc	IMU.elf
Finished building: default.size.stdout
 
00:57:30 **** Incremental Build of configuration Debug for project MDP_V1 ****
make -j16 all 
arm-none-eabi-gcc "../Core/Src/main.c" -mcpu=cortex-m4 -std=gnu11 -g3 -DDEBUG -DUSE_HAL_DRIVER -DSTM32F407xx -c -I../Core/Inc -I../Drivers/STM32F4xx_HAL_Driver/Inc -I../Drivers/STM32F4xx_HAL_Driver/Inc/Legacy -I../Drivers/CMSIS/Device/ST/STM32F4xx/Include -I../Drivers/CMSIS/Include -I../Middlewares/Third_Party/FreeRTOS/Source/include -I../Middlewares/Third_Party/FreeRTOS/Source/portable/GCC/ARM_CM4F -I"D:/Coding/STM32-Robot-Hardware-Control/MDP_V1/PeripheralDriver/Inc" -I"D:/Coding/MDP-Group1/MDP_V1/PeripheralDriver/Inc" -I../Middlewares/Third_Party/FreeRTOS/Source/CMSIS_RTOS_V2 -O0 -ffunction-sections -fdata-sections -Wall -u _printf_float -fstack-usage -MMD -MP -MF"Core/Src/main.d" -MT"Core/Src/main.o" --specs=nano.specs -mfpu=fpv4-sp-d16 -mfloat-abi=hard -mthumb -o "Core/Src/main.o"
../Core/Src/main.c: In function 'HAL_UART_RxCpltCallback':
../Core/Src/main.c:677:11: warning: pointer targets in passing argument 1 of 'sprintf' differ in signedness [-Wpointer-sign]
  677 |   sprintf(message1, "cmd:%c,%d", directionCmd, data);
      |           ^~~~~~~~
      |           |
      |           uint8_t * {aka unsigned char *}
In file included from ../Core/Inc/ICM20948.h:4,
                 from ../Core/Src/main.c:28:
c:\st\stm32cubeide_1.11.0\stm32cubeide\plugins\com.st.stm32cube.ide.mcu.externaltools.gnu-tools-for-stm32.10.3-2021.10.win32_1.0.100.202210260954\tools\arm-none-eabi\include\stdio.h:244:14: note: expected 'char * restrict' but argument is of type 'uint8_t *' {aka 'unsigned char *'}
  244 | int sprintf (char *__restrict, const char *__restrict, ...)
      |              ^
../Core/Src/main.c:677:30: warning: format '%d' expects argument of type 'int', but argument 4 has type 'uint32_t' {aka 'long unsigned int'} [-Wformat=]
  677 |   sprintf(message1, "cmd:%c,%d", directionCmd, data);
      |                             ~^                 ~~~~
      |                              |                 |
      |                              int               uint32_t {aka long unsigned int}
      |                             %ld
../Core/Src/main.c:704:15: warning: unused variable 'status' [-Wunused-variable]
  704 |    osStatus_t status = osMessageQueuePut(chassisCommandQueueHandle,
      |               ^~~~~~
../Core/Src/main.c: In function 'robotTurnPID':
../Core/Src/main.c:870:16: warning: implicit declaration of function 'fabs' [-Wimplicit-function-declaration]
  870 |    angleNow += fabs(gyroZ)
      |                ^~~~
../Core/Src/main.c:870:16: warning: incompatible implicit declaration of built-in function 'fabs'
../Core/Src/main.c:31:1: note: include '<math.h>' or provide a declaration of 'fabs'
   30 | #include "stdlib.h"
  +++ |+#include <math.h>
   31 | /* USER CODE END Includes */
../Core/Src/main.c: In function 'chassisTask':
../Core/Src/main.c:968:12: warning: pointer targets in passing argument 1 of 'sprintf' differ in signedness [-Wpointer-sign]
  968 |    sprintf(message1, "ACK: %d", current_cmd);
      |            ^~~~~~~~
      |            |
      |            uint8_t * {aka unsigned char *}
In file included from ../Core/Inc/ICM20948.h:4,
                 from ../Core/Src/main.c:28:
c:\st\stm32cubeide_1.11.0\stm32cubeide\plugins\com.st.stm32cube.ide.mcu.externaltools.gnu-tools-for-stm32.10.3-2021.10.win32_1.0.100.202210260954\tools\arm-none-eabi\include\stdio.h:244:14: note: expected 'char * restrict' but argument is of type 'uint8_t *' {aka 'unsigned char *'}
  244 | int sprintf (char *__restrict, const char *__restrict, ...)
      |              ^
../Core/Src/main.c:968:29: warning: format '%d' expects argument of type 'int', but argument 3 has type 'uint32_t' {aka 'long unsigned int'} [-Wformat=]
  968 |    sprintf(message1, "ACK: %d", current_cmd);
      |                            ~^   ~~~~~~~~~~~
      |                             |   |
      |                             int uint32_t {aka long unsigned int}
      |                            %ld
../Core/Src/main.c:976:12: warning: pointer targets in passing argument 1 of 'sprintf' differ in signedness [-Wpointer-sign]
  976 |    sprintf(message1, "dis: %d", distanceCmdBuffer);
      |            ^~~~~~~~
      |            |
      |            uint8_t * {aka unsigned char *}
In file included from ../Core/Inc/ICM20948.h:4,
                 from ../Core/Src/main.c:28:
c:\st\stm32cubeide_1.11.0\stm32cubeide\plugins\com.st.stm32cube.ide.mcu.externaltools.gnu-tools-for-stm32.10.3-2021.10.win32_1.0.100.202210260954\tools\arm-none-eabi\include\stdio.h:244:14: note: expected 'char * restrict' but argument is of type 'uint8_t *' {aka 'unsigned char *'}
  244 | int sprintf (char *__restrict, const char *__restrict, ...)
      |              ^
../Core/Src/main.c:945:10: warning: unused variable 'RpiBuffer' [-Wunused-variable]
  945 |  uint8_t RpiBuffer[20] = "COMPLE\r\n";
      |          ^~~~~~~~~
arm-none-eabi-gcc -o "MDP_V1.elf" @"objects.list"   -mcpu=cortex-m4 -T"D:\Coding\STM32-Robot-Hardware-Control\MDP_V1\STM32F407VETX_FLASH.ld" --specs=nosys.specs -Wl,-Map="MDP_V1.map" -Wl,--gc-sections -static -u _printf_float --specs=nano.specs -mfpu=fpv4-sp-d16 -mfloat-abi=hard -mthumb -Wl,--start-group -lc -lm -Wl,--end-group
Finished building target: MDP_V1.elf
 
arm-none-eabi-size   MDP_V1.elf 
arm-none-eabi-objdump -h -S  MDP_V1.elf  > "MDP_V1.list"
   text	   data	    bss	    dec	    hex	filename
  59208	    524	  22496	  82228	  14134	MDP_V1.elf
arm-none-eabi-objcopy  -O ihex  MDP_V1.elf  "MDP_V1.hex"
Finished building: default.size.stdout
 
Finished building: MDP_V1.hex
 
Finished building: MDP_V1.list
 
02:17:37 **** Incremental Build of configuration Debug for project IMU ****
make -j16 all 
arm-none-eabi-size   IMU.elf 
   text	   data	    bss	    dec	    hex	filename
  30420	    484	   1796	  32700	   7fbc	IMU.elf
Finished building: default.size.stdout
 
02:17:44 **** Incremental Build of configuration Debug for project MDP_V1 ****
make -j16 all 
arm-none-eabi-size   MDP_V1.elf 
   text	   data	    bss	    dec	    hex	filename
  59208	    524	  22496	  82228	  14134	MDP_V1.elf
Finished building: default.size.stdout
 
04:17:41 **** Incremental Build of configuration Debug for project IMU ****
make -j16 all 
arm-none-eabi-size   IMU.elf 
   text	   data	    bss	    dec	    hex	filename
  30420	    484	   1796	  32700	   7fbc	IMU.elf
Finished building: default.size.stdout
 
04:17:50 **** Incremental Build of configuration Debug for project MDP_V1 ****
make -j16 all 
arm-none-eabi-size   MDP_V1.elf 
   text	   data	    bss	    dec	    hex	filename
  59208	    524	  22496	  82228	  14134	MDP_V1.elf
Finished building: default.size.stdout
 
07:00:10 **** Incremental Build of configuration Debug for project IMU ****
make -j16 all 
arm-none-eabi-size   IMU.elf 
   text	   data	    bss	    dec	    hex	filename
  30420	    484	   1796	  32700	   7fbc	IMU.elf
Finished building: default.size.stdout
 
07:01:13 **** Incremental Build of configuration Debug for project IMU ****
make -j16 all 
arm-none-eabi-size   IMU.elf 
   text	   data	    bss	    dec	    hex	filename
  30420	    484	   1796	  32700	   7fbc	IMU.elf
Finished building: default.size.stdout
 
07:01:21 **** Incremental Build of configuration Debug for project MDP_V1 ****
make -j16 all 
arm-none-eabi-size   MDP_V1.elf 
   text	   data	    bss	    dec	    hex	filename
  59208	    524	  22496	  82228	  14134	MDP_V1.elf
Finished building: default.size.stdout
 
07:57:45 **** Incremental Build of configuration Debug for project IMU ****
make -j16 all 
arm-none-eabi-size   IMU.elf 
   text	   data	    bss	    dec	    hex	filename
  30420	    484	   1796	  32700	   7fbc	IMU.elf
Finished building: default.size.stdout
 
07:58:00 **** Incremental Build of configuration Debug for project MDP_V1 ****
make -j16 all 
arm-none-eabi-size   MDP_V1.elf 
   text	   data	    bss	    dec	    hex	filename
  59208	    524	  22496	  82228	  14134	MDP_V1.elf
Finished building: default.size.stdout
 
09:12:54 **** Incremental Build of configuration Debug for project IMU ****
make -j16 all 
arm-none-eabi-size   IMU.elf 
   text	   data	    bss	    dec	    hex	filename
  30420	    484	   1796	  32700	   7fbc	IMU.elf
Finished building: default.size.stdout
 
09:13:01 **** Incremental Build of configuration Debug for project MDP_V1 ****
make -j16 all 
arm-none-eabi-size   MDP_V1.elf 
   text	   data	    bss	    dec	    hex	filename
  59208	    524	  22496	  82228	  14134	MDP_V1.elf
Finished building: default.size.stdout
 
